Packaged pronking full experiment
Started: 05-Aug-2026 10:07:03
MATLAB: 25.2.0.3177638 (R2025b) Update 5
Package: /Users/nanyoujiayu/Documents/GitHub/SLIP_Model_Zoo/SLIP_Quadruped/3_Numerical_Continuation/2_Floquet_Analysis_v2/experiments/pronking_multigait_bifurcation
Primary branch: /Users/nanyoujiayu/Documents/GitHub/SLIP_Model_Zoo/SLIP_Quadruped/3_Numerical_Continuation/2_Floquet_Analysis_v2/experiments/pronking_multigait_bifurcation/data/pronking_branch/PK_20_2.mat
Held-out data: /Users/nanyoujiayu/Documents/GitHub/SLIP_Model_Zoo/SLIP_Quadruped/3_Numerical_Continuation/2_Floquet_Analysis_v2/experiments/pronking_multigait_bifurcation/data/held_out_daughter_branches
Floquet v2: 5 pronking points from /Users/nanyoujiayu/Documents/GitHub/SLIP_Model_Zoo/SLIP_Quadruped/3_Numerical_Continuation/2_Floquet_Analysis_v2/experiments/pronking_multigait_bifurcation/data/pronking_branch/PK_20_2.mat
  [1/5] branch column 194, dx = 4.39111431
      accepted: FD error 1.083e-08, one-sided mismatch 5.761e-05, spectral radius 6.34001
  [2/5] branch column 195, dx = 4.42066425
      accepted: FD error 1.145e-08, one-sided mismatch 5.757e-05, spectral radius 6.32363
  [3/5] branch column 196, dx = 4.45026552
      accepted: FD error 1.249e-08, one-sided mismatch 5.753e-05, spectral radius 6.30707
  [4/5] branch column 197, dx = 4.47991811
      accepted: FD error 1.227e-08, one-sided mismatch 5.748e-05, spectral radius 6.29032
  [5/5] branch column 198, dx = 4.50962202
      accepted: FD error 1.987e-07, one-sided mismatch 5.771e-05, spectral radius 6.27339

Accepted Floquet matrices: 5/5
Persistent validated candidates: 4
  complex-unit-circle at dx=4.43409718, lambda=0.264951742+0.964261673i, confidence=0.855
  +1 at dx=4.4341217, lambda=1+0i, confidence=0.856, null=additional-null-direction, multiplicity=4
  +1 at dx=4.43411741, lambda=1-9.27555727e-11i, confidence=0.819, null=additional-null-direction, multiplicity=4
  +1 at dx=4.43411741, lambda=1+9.27555727e-11i, confidence=0.819, null=additional-null-direction, multiplicity=4
Legacy result file was unavailable; comparison was skipped.
Pronking branch-switch search: 6 directions x 2 radii = 12 attempts
  [1] rho=1.0e-02 b:+1.000,+0.000,+0.000 accepted gait=B residual=6.96e-14 return=1.19e-14 transverse=0.998
  [2] rho=1.0e-02 b:-1.000,+0.000,+0.000 accepted gait=B residual=8.17e-14 return=1.91e-14 transverse=0.997
  [3] rho=1.0e-02 b:-0.866,-0.500,+0.000 accepted gait=F residual=1.85e-13 return=4.31e-14 transverse=0.985
  [4] rho=1.0e-02 b:-0.866,+0.000,-0.500 accepted gait=H residual=4.26e-14 return=9.61e-15 transverse=0.959
  [5] rho=1.0e-02 b:-0.866,+0.500,+0.000 accepted gait=F residual=6.48e-14 return=1.51e-14 transverse=0.985
  [6] rho=1.0e-02 b:-0.866,+0.000,+0.500 accepted gait=H residual=7.09e-14 return=1.06e-14 transverse=0.959
  [7] rho=5.0e-03 b:+1.000,+0.000,+0.000 accepted gait=B residual=4.00e-14 return=1.49e-14 transverse=0.998
  [8] rho=5.0e-03 b:-1.000,+0.000,+0.000 accepted gait=B residual=1.89e-13 return=1.18e-14 transverse=0.997
  [9] rho=5.0e-03 b:-0.866,-0.500,+0.000 accepted gait=F residual=3.91e-14 return=8.88e-15 transverse=0.985
  [10] rho=5.0e-03 b:-0.866,+0.000,-0.500 accepted gait=H residual=6.66e-14 return=1.56e-14 transverse=0.960
  [11] rho=5.0e-03 b:-0.866,+0.500,+0.000 accepted gait=F residual=9.90e-14 return=1.05e-14 transverse=0.985
  [12] rho=5.0e-03 b:-0.866,+0.000,+0.500 accepted gait=H residual=3.64e-14 return=1.01e-14 transverse=0.960

Pronking multi-gait validation: verified
  critical dx = 4.43406193516227, bracket width 1.775e-06
  nullity(M-I) = 4, additional dimension = 3
  principal cosines = [0.99999647 0.99998678 0.99978528]
  BE: predicted=B alignment=0.99999430 angle=0.1934 deg periodic=1
  BG: predicted=B alignment=0.99993204 angle=0.6680 deg periodic=1
  FE: predicted=F alignment=0.99991721 angle=0.7373 deg periodic=1
  FG: predicted=F alignment=0.99986096 angle=0.9555 deg periodic=1
  HE: predicted=H alignment=0.99999597 angle=0.1628 deg periodic=1
  HG: predicted=H alignment=0.99994987 angle=0.5737 deg periodic=1
  nonlinear search: verified, accepted=12, persistent=6, counts=[2 2 2], blind-six=1
  Floquet-v2 identified the three gait classes and the nonlinear search recovered six persistent oriented rays.
  artifacts: /Users/nanyoujiayu/Documents/GitHub/SLIP_Model_Zoo/SLIP_Quadruped/3_Numerical_Continuation/2_Floquet_Analysis_v2/experiments/pronking_multigait_bifurcation/results/final/pronking_multigait_validation_results.mat
FINAL_STATUS=verified
CRITICAL_DX=4.43406193516227
PERSISTENT_COUNTS=[2 2 2]
RESULT_MAT=/Users/nanyoujiayu/Documents/GitHub/SLIP_Model_Zoo/SLIP_Quadruped/3_Numerical_Continuation/2_Floquet_Analysis_v2/experiments/pronking_multigait_bifurcation/results/final/pronking_multigait_validation_results.mat
Completed: 05-Aug-2026 10:13:25
