
	Student License -- for use by students to meet course requirements
	and perform academic research at degree granting institutions only.

   124

19 P1_Breaking_Symmetries_Leads_to_Diverse_Qudrupedal_Gaits BD
20 P1_Breaking_Symmetries_Leads_to_Diverse_Qudrupedal_Gaits BD
21 P1_Breaking_Symmetries_Leads_to_Diverse_Qudrupedal_Gaits BD
22 P1_Breaking_Symmetries_Leads_to_Diverse_Qudrupedal_Gaits BD
23 P1_Breaking_Symmetries_Leads_to_Diverse_Qudrupedal_Gaits HB_front
24 P1_Breaking_Symmetries_Leads_to_Diverse_Qudrupedal_Gaits HB_hind
25 P1_Breaking_Symmetries_Leads_to_Diverse_Qudrupedal_Gaits PK
26 P2_All_Common_Quadrupedal_Gaits PK
27 P2_All_Common_Quadrupedal_Gaits B2
28 P2_All_Common_Quadrupedal_Gaits PIP_delayed
29 P2_All_Common_Quadrupedal_Gaits PK
30 P2_All_Common_Quadrupedal_Gaits B2
31 P2_All_Common_Quadrupedal_Gaits B2
32 P2_All_Common_Quadrupedal_Gaits B2
33 P2_All_Common_Quadrupedal_Gaits B2
34 P2_All_Common_Quadrupedal_Gaits B2
35 P2_All_Common_Quadrupedal_Gaits B2
36 P2_All_Common_Quadrupedal_Gaits B2
37 P2_All_Common_Quadrupedal_Gaits B2
38 P2_All_Common_Quadrupedal_Gaits B2
