
	Student License -- for use by students to meet course requirements
	and perform academic research at degree granting institutions only.

MATLAB research taskP1_source_25_C, roundC, attempt2, remainingtotal8111.0s, slice240.0s
P1 roundC Research_v3/next_round/theory/SourceCriticalFixtures_v3/05_refined_candidates.mat column1 accepted0 closureNaN
MATLAB research taskP2_source_17_C, roundC, attempt2, remainingtotal8098.9s, slice240.0s
P2 roundC P2_All_Common_Quadrupedal_Gaits/SourceFixtures_v3/PK_20_2.mat column1 accepted1 closure4.36e-12
MATLAB research taskP1_source_01_A, roundA, attempt1, remainingtotal7854.1s, slice240.0s
P1 roundA P1_Breaking_Symmetries_Leads_to_Diverse_Qudrupedal_Gaits/SourceFixtures_v3/BD1_20_2_BE.mat column12 accepted0 closureNaN
P1 roundA P1_Breaking_Symmetries_Leads_to_Diverse_Qudrupedal_Gaits/SourceFixtures_v3/BD1_20_2_BE.mat column13 accepted0 closureNaN
P1 roundA P1_Breaking_Symmetries_Leads_to_Diverse_Qudrupedal_Gaits/SourceFixtures_v3/BD1_20_2_BE.mat column1 accepted0 closureNaN
P1 roundA P1_Breaking_Symmetries_Leads_to_Diverse_Qudrupedal_Gaits/SourceFixtures_v3/BD1_20_2_BE.mat column148 accepted0 closureNaN
P1 roundA P1_Breaking_Symmetries_Leads_to_Diverse_Qudrupedal_Gaits/SourceFixtures_v3/BD1_20_2_BE.mat column296 accepted0 closureNaN
P1 roundA P1_Breaking_Symmetries_Leads_to_Diverse_Qudrupedal_Gaits/SourceFixtures_v3/BD1_20_2_BE.mat column443 accepted0 closureNaN
P1 signedsector1 amplitude-0.001 accepted0 target0 closureInf
P1 signedsector1 amplitude+0.001 accepted0 target0 closureInf
P1 signedsector2 amplitude-0.001 accepted0 target0 closureInf
P1 signedsector2 amplitude+0.001 accepted0 target0 closureInf
MATLAB research taskP1_source_03_A, roundA, attempt1, remainingtotal7833.2s, slice240.0s
P1 roundA P1_Breaking_Symmetries_Leads_to_Diverse_Qudrupedal_Gaits/SourceFixtures_v3/BD1_20_2_FE.mat column208 accepted0 closureNaN
P1 roundA P1_Breaking_Symmetries_Leads_to_Diverse_Qudrupedal_Gaits/SourceFixtures_v3/BD1_20_2_FE.mat column209 accepted0 closureNaN
P1 roundA P1_Breaking_Symmetries_Leads_to_Diverse_Qudrupedal_Gaits/SourceFixtures_v3/BD1_20_2_FE.mat column1 accepted0 closureNaN
P1 roundA P1_Breaking_Symmetries_Leads_to_Diverse_Qudrupedal_Gaits/SourceFixtures_v3/BD1_20_2_FE.mat column77 accepted0 closureNaN
P1 roundA P1_Breaking_Symmetries_Leads_to_Diverse_Qudrupedal_Gaits/SourceFixtures_v3/BD1_20_2_FE.mat column152 accepted0 closureNaN
P1 roundA P1_Breaking_Symmetries_Leads_to_Diverse_Qudrupedal_Gaits/SourceFixtures_v3/BD1_20_2_FE.mat column228 accepted0 closureNaN
P1 signedsector1 amplitude-0.001 accepted0 target0 closureInf
P1 signedsector1 amplitude+0.001 accepted0 target0 closureInf
MATLAB research taskP1_source_05_A, roundA, attempt1, remainingtotal7816.7s, slice240.0s
P1 roundA P1_Breaking_Symmetries_Leads_to_Diverse_Qudrupedal_Gaits/SourceFixtures_v3/BD1_20_2_GE.mat column1 accepted0 closureNaN
P1 roundA P1_Breaking_Symmetries_Leads_to_Diverse_Qudrupedal_Gaits/SourceFixtures_v3/BD1_20_2_GE.mat column2 accepted0 closureNaN
P1 roundA P1_Breaking_Symmetries_Leads_to_Diverse_Qudrupedal_Gaits/SourceFixtures_v3/BD1_20_2_GE.mat column67 accepted0 closureNaN
P1 roundA P1_Breaking_Symmetries_Leads_to_Diverse_Qudrupedal_Gaits/SourceFixtures_v3/BD1_20_2_GE.mat column134 accepted0 closureNaN
P1 roundA P1_Breaking_Symmetries_Leads_to_Diverse_Qudrupedal_Gaits/SourceFixtures_v3/BD1_20_2_GE.mat column200 accepted0 closureNaN
MATLAB research taskP1_source_07_A, roundA, attempt1, remainingtotal7811.1s, slice240.0s
P1 roundA P1_Breaking_Symmetries_Leads_to_Diverse_Qudrupedal_Gaits/SourceFixtures_v3/BD1_20_2_HE.mat column155 accepted0 closureNaN
P1 roundA P1_Breaking_Symmetries_Leads_to_Diverse_Qudrupedal_Gaits/SourceFixtures_v3/BD1_20_2_HE.mat column156 accepted0 closureNaN
P1 roundA P1_Breaking_Symmetries_Leads_to_Diverse_Qudrupedal_Gaits/SourceFixtures_v3/BD1_20_2_HE.mat column1 accepted0 closureNaN
P1 roundA P1_Breaking_Symmetries_Leads_to_Diverse_Qudrupedal_Gaits/SourceFixtures_v3/BD1_20_2_HE.mat column61 accepted0 closureNaN
P1 roundA P1_Breaking_Symmetries_Leads_to_Diverse_Qudrupedal_Gaits/SourceFixtures_v3/BD1_20_2_HE.mat column120 accepted0 closureNaN
P1 roundA P1_Breaking_Symmetries_Leads_to_Diverse_Qudrupedal_Gaits/SourceFixtures_v3/BD1_20_2_HE.mat column180 accepted0 closureNaN
P1 signedsector1 amplitude-0.001 accepted0 target0 closureInf
P1 signedsector1 amplitude+0.001 accepted0 target0 closureInf
MATLAB research taskP2_source_10_A, roundA, attempt1, remainingtotal7800.6s, slice240.0s
P2 roundA P2_All_Common_Quadrupedal_Gaits/SourceFixtures_v3/B2_10_20_2_E.mat column1 accepted0 closureNaN
P2 roundA P2_All_Common_Quadrupedal_Gaits/SourceFixtures_v3/B2_10_20_2_E.mat column2 accepted0 closureNaN
P2 roundA P2_All_Common_Quadrupedal_Gaits/SourceFixtures_v3/B2_10_20_2_E.mat column436 accepted0 closureNaN
P2 roundA P2_All_Common_Quadrupedal_Gaits/SourceFixtures_v3/B2_10_20_2_E.mat column872 accepted0 closureNaN
P2 roundA P2_All_Common_Quadrupedal_Gaits/SourceFixtures_v3/B2_10_20_2_E.mat column1307 accepted0 closureNaN
P2 signedsector1 amplitude-0.001 accepted0 target0 closureInf
P2 signedsector1 amplitude+0.001 accepted0 target0 closureInf
P2 signedsector2 amplitude-0.001 accepted0 target0 closureInf
P2 signedsector2 amplitude+0.001 accepted0 target0 closureInf
MATLAB research taskP2_source_11_A, roundA, attempt1, remainingtotal7735.2s, slice240.0s
P2 roundA P2_All_Common_Quadrupedal_Gaits/SourceFixtures_v3/B2_10_20_2_G.mat column1 accepted0 closureNaN
P2 roundA P2_All_Common_Quadrupedal_Gaits/SourceFixtures_v3/B2_10_20_2_G.mat column2 accepted0 closureNaN
P2 roundA P2_All_Common_Quadrupedal_Gaits/SourceFixtures_v3/B2_10_20_2_G.mat column453 accepted0 closureNaN
P2 roundA P2_All_Common_Quadrupedal_Gaits/SourceFixtures_v3/B2_10_20_2_G.mat column906 accepted0 closureNaN
P2 roundA P2_All_Common_Quadrupedal_Gaits/SourceFixtures_v3/B2_10_20_2_G.mat column1358 accepted0 closureNaN
P2 signedsector1 amplitude-0.001 accepted0 target0 closureInf
P2 signedsector1 amplitude+0.001 accepted0 target0 closureInf
P2 signedsector2 amplitude-0.001 accepted0 target0 closureInf
P2 signedsector2 amplitude+0.001 accepted0 target0 closureInf
MATLAB research taskP2_source_12_A, roundA, attempt1, remainingtotal7648.6s, slice240.0s
P2 roundA P2_All_Common_Quadrupedal_Gaits/SourceFixtures_v3/BIP_10_20_2.mat column269 accepted0 closureNaN
P2 roundA P2_All_Common_Quadrupedal_Gaits/SourceFixtures_v3/BIP_10_20_2.mat column268 accepted0 closureNaN
P2 roundA P2_All_Common_Quadrupedal_Gaits/SourceFixtures_v3/BIP_10_20_2.mat column1 accepted0 closureNaN
P2 roundA P2_All_Common_Quadrupedal_Gaits/SourceFixtures_v3/BIP_10_20_2.mat column302 accepted0 closureNaN
P2 roundA P2_All_Common_Quadrupedal_Gaits/SourceFixtures_v3/BIP_10_20_2.mat column603 accepted0 closureNaN
P2 roundA P2_All_Common_Quadrupedal_Gaits/SourceFixtures_v3/BIP_10_20_2.mat column904 accepted0 closureNaN
P2 signedsector1 amplitude-0.001 accepted0 target0 closureInf
P2 signedsector1 amplitude+0.001 accepted0 target0 closureInf
P2 signedsector2 amplitude-0.001 accepted0 target0 closureInf
P2 signedsector2 amplitude+0.001 accepted0 target0 closureInf
MATLAB research taskP2_source_13_A, roundA, attempt1, remainingtotal7514.0s, slice240.0s
P2 roundA P2_All_Common_Quadrupedal_Gaits/SourceFixtures_v3/BS_10_20_2_BIP_Child.mat column175 accepted0 closureNaN
P2 roundA P2_All_Common_Quadrupedal_Gaits/SourceFixtures_v3/BS_10_20_2_BIP_Child.mat column67 accepted0 closureNaN
P2 roundA P2_All_Common_Quadrupedal_Gaits/SourceFixtures_v3/BS_10_20_2_BIP_Child.mat column1 accepted0 closureNaN
P2 roundA P2_All_Common_Quadrupedal_Gaits/SourceFixtures_v3/BS_10_20_2_BIP_Child.mat column72 accepted0 closureNaN
P2 roundA P2_All_Common_Quadrupedal_Gaits/SourceFixtures_v3/BS_10_20_2_BIP_Child.mat column142 accepted0 closureNaN
P2 roundA P2_All_Common_Quadrupedal_Gaits/SourceFixtures_v3/BS_10_20_2_BIP_Child.mat column213 accepted0 closureNaN
P2 signedsector1 amplitude-0.001 accepted0 target0 closureInf
P2 signedsector1 amplitude+0.001 accepted0 target0 closureInf
P2 signedsector2 amplitude-0.001 accepted0 target0 closureInf
P2 signedsector2 amplitude+0.001 accepted0 target0 closureInf
MATLAB research taskP2_source_14_A, roundA, attempt1, remainingtotal7440.3s, slice240.0s
P2 roundA P2_All_Common_Quadrupedal_Gaits/SourceFixtures_v3/PIP_10_20_2.mat column1 accepted1 closure1.96e-13
P2 roundA P2_All_Common_Quadrupedal_Gaits/SourceFixtures_v3/PIP_10_20_2.mat column2 accepted1 closure2.18e-13
P2 roundA P2_All_Common_Quadrupedal_Gaits/SourceFixtures_v3/PIP_10_20_2.mat column15 accepted1 closure5.62e-13
P2 roundA P2_All_Common_Quadrupedal_Gaits/SourceFixtures_v3/PIP_10_20_2.mat column28 accepted1 closure8e-13
P2 roundA P2_All_Common_Quadrupedal_Gaits/SourceFixtures_v3/PIP_10_20_2.mat column42 accepted1 closure1.24e-12
MATLAB research taskP2_source_15_A, roundA, attempt1, remainingtotal7189.8s, slice240.0s
P2 roundA P2_All_Common_Quadrupedal_Gaits/SourceFixtures_v3/PIP_10_20_2_Spread.mat column1 accepted0 closureNaN
P2 roundA P2_All_Common_Quadrupedal_Gaits/SourceFixtures_v3/PIP_10_20_2_Spread.mat column2 accepted0 closureNaN
P2 roundA P2_All_Common_Quadrupedal_Gaits/SourceFixtures_v3/PIP_10_20_2_Spread.mat column217 accepted0 closureNaN
MATLAB research taskP2_source_16_A, roundA, attempt1, remainingtotal6935.6s, slice240.0s
P2 roundA P2_All_Common_Quadrupedal_Gaits/SourceFixtures_v3/PIP_Delayed_Analytic_10_20_2.mat column1 accepted0 closureNaN
P2 roundA P2_All_Common_Quadrupedal_Gaits/SourceFixtures_v3/PIP_Delayed_Analytic_10_20_2.mat column2 accepted0 closureNaN
P2 roundA P2_All_Common_Quadrupedal_Gaits/SourceFixtures_v3/PIP_Delayed_Analytic_10_20_2.mat column529 accepted0 closureNaN
P2 roundA P2_All_Common_Quadrupedal_Gaits/SourceFixtures_v3/PIP_Delayed_Analytic_10_20_2.mat column1058 accepted0 closureNaN
P2 roundA P2_All_Common_Quadrupedal_Gaits/SourceFixtures_v3/PIP_Delayed_Analytic_10_20_2.mat column1586 accepted0 closureNaN
P2 signedsector1 amplitude-0.001 accepted0 target0 closureInf
P2 signedsector1 amplitude+0.001 accepted0 target0 closureInf
partial_checkpoint
   3.9132e+03

