
	Student License -- for use by students to meet course requirements
	and perform academic research at degree granting institutions only.

MATLAB research taskP1_source_25_A, roundA, attempt1, remainingtotal9363.4s, slice240.0s
P1 roundA Research_v3/next_round/theory/SourceCriticalFixtures_v3/05_refined_candidates.mat column1 accepted0 closureNaN
P1 signedsector1 amplitude-0.001 accepted0 target0 closureInf
P1 signedsector1 amplitude+0.001 accepted0 target0 closureInf
MATLAB research taskP1_source_19_A, roundA, attempt1, remainingtotal9362.3s, slice240.0s
P1 roundA Research_v3/next_round/theory/SourceCriticalFixtures_v3/01_refined_candidates.mat column1 accepted0 closureNaN
P1 signedsector1 amplitude-0.001 accepted0 target0 closureInf
P1 signedsector1 amplitude+0.001 accepted0 target0 closureInf
P1 signedsector2 amplitude-0.001 accepted0 target0 closureInf
P1 signedsector2 amplitude+0.001 accepted0 target0 closureInf
MATLAB research taskP1_source_23_A, roundA, attempt1, remainingtotal9353.7s, slice240.0s
P1 roundA Research_v3/next_round/theory/SourceCriticalFixtures_v3/03_refined_candidates.mat column1 accepted0 closureNaN
P1 signedsector1 amplitude-0.001 accepted0 target0 closureInf
P1 signedsector1 amplitude+0.001 accepted0 target0 closureInf
MATLAB research taskP1_source_24_A, roundA, attempt1, remainingtotal9352.8s, slice240.0s
P1 roundA Research_v3/next_round/theory/SourceCriticalFixtures_v3/04_refined_candidates.mat column1 accepted0 closureNaN
P1 signedsector1 amplitude-0.001 accepted0 target0 closureInf
P1 signedsector1 amplitude+0.001 accepted0 target0 closureInf
MATLAB research taskP2_source_26_A, roundA, attempt1, remainingtotal9351.9s, slice240.0s
P2 roundA Research_v3/next_round/theory/SourceCriticalFixtures_v3/06_PK_at_B2_critical.mat column1 accepted0 closureNaN
P2 signedsector1 amplitude-0.001 accepted0 target0 closureInf
P2 signedsector1 amplitude+0.001 accepted0 target0 closureInf
MATLAB research taskP2_source_27_A, roundA, attempt1, remainingtotal9350.9s, slice240.0s
P2 roundA Research_v3/next_round/theory/SourceCriticalFixtures_v3/07_B2_local_daughters.mat column1 accepted0 closureNaN
P2 roundA Research_v3/next_round/theory/SourceCriticalFixtures_v3/07_B2_local_daughters.mat column2 accepted0 closureNaN
P2 roundA Research_v3/next_round/theory/SourceCriticalFixtures_v3/07_B2_local_daughters.mat column3 accepted0 closureNaN
P2 roundA Research_v3/next_round/theory/SourceCriticalFixtures_v3/07_B2_local_daughters.mat column6 accepted0 closureNaN
P2 roundA Research_v3/next_round/theory/SourceCriticalFixtures_v3/07_B2_local_daughters.mat column8 accepted0 closureNaN
P2 signedsector1 amplitude-0.001 accepted0 target0 closureInf
P2 signedsector1 amplitude+0.001 accepted0 target0 closureInf
P2 signedsector2 amplitude-0.001 accepted0 target0 closureInf
P2 signedsector2 amplitude+0.001 accepted0 target0 closureInf
MATLAB research taskP2_source_17_A, roundA, attempt1, remainingtotal9347.5s, slice240.0s
P2 roundA P2_All_Common_Quadrupedal_Gaits/SourceFixtures_v3/PK_20_2.mat column1 accepted1 closure6e-13
P2 roundA P2_All_Common_Quadrupedal_Gaits/SourceFixtures_v3/PK_20_2.mat column2 accepted1 closure5.79e-13
P2 roundA P2_All_Common_Quadrupedal_Gaits/SourceFixtures_v3/PK_20_2.mat column298 accepted0 closureNaN
P2 roundA P2_All_Common_Quadrupedal_Gaits/SourceFixtures_v3/PK_20_2.mat column594 accepted0 closureNaN
P2 roundA P2_All_Common_Quadrupedal_Gaits/SourceFixtures_v3/PK_20_2.mat column891 accepted0 closureNaN
P2 signedsector1 amplitude-0.001 accepted0 target0 closure0.000962
MATLAB research taskP2_source_18_A, roundA, attempt1, remainingtotal9097.7s, slice240.0s
P2 roundA P2_All_Common_Quadrupedal_Gaits/SourceFixtures_v3/PK_B2_Parent.mat column132 accepted0 closureNaN
P2 roundA P2_All_Common_Quadrupedal_Gaits/SourceFixtures_v3/PK_B2_Parent.mat column131 accepted0 closureNaN
P2 roundA P2_All_Common_Quadrupedal_Gaits/SourceFixtures_v3/PK_B2_Parent.mat column1 accepted0 closureNaN
P2 roundA P2_All_Common_Quadrupedal_Gaits/SourceFixtures_v3/PK_B2_Parent.mat column87 accepted0 closureNaN
P2 roundA P2_All_Common_Quadrupedal_Gaits/SourceFixtures_v3/PK_B2_Parent.mat column173 accepted0 closureNaN
P2 roundA P2_All_Common_Quadrupedal_Gaits/SourceFixtures_v3/PK_B2_Parent.mat column259 accepted0 closureNaN
P2 signedsector1 amplitude-0.001 accepted0 target0 closureInf
P2 signedsector1 amplitude+0.001 accepted0 target0 closureInf
partial_checkpoint
   1.7056e+03

