
	Student License -- for use by students to meet course requirements
	and perform academic research at degree granting institutions only.

MATLAB research taskP1_source_25_C, roundC, attempt3, remainingtotal6886.8s, slice240.0s
P1 roundC Research_v3/next_round/theory/SourceCriticalFixtures_v3/05_refined_candidates.mat column1 accepted0 closureNaN
P1 signedsector1 amplitude-0.001 accepted0 target0 closureInf
P1 signedsector1 amplitude+0.001 accepted0 target0 closureInf
MATLAB research taskP1_source_01_B, roundB, attempt1, remainingtotal6852.1s, slice240.0s
P1 roundB P1_Breaking_Symmetries_Leads_to_Diverse_Qudrupedal_Gaits/SourceFixtures_v3/BD1_20_2_BE.mat column12 accepted0 closureNaN
P1 roundB P1_Breaking_Symmetries_Leads_to_Diverse_Qudrupedal_Gaits/SourceFixtures_v3/BD1_20_2_BE.mat column13 accepted0 closureNaN
P1 roundB P1_Breaking_Symmetries_Leads_to_Diverse_Qudrupedal_Gaits/SourceFixtures_v3/BD1_20_2_BE.mat column14 accepted0 closureNaN
P1 roundB P1_Breaking_Symmetries_Leads_to_Diverse_Qudrupedal_Gaits/SourceFixtures_v3/BD1_20_2_BE.mat column15 accepted0 closureNaN
P1 roundB P1_Breaking_Symmetries_Leads_to_Diverse_Qudrupedal_Gaits/SourceFixtures_v3/BD1_20_2_BE.mat column16 accepted0 closureNaN
P1 roundB P1_Breaking_Symmetries_Leads_to_Diverse_Qudrupedal_Gaits/SourceFixtures_v3/BD1_20_2_BE.mat column17 accepted0 closureNaN
P1 roundB P1_Breaking_Symmetries_Leads_to_Diverse_Qudrupedal_Gaits/SourceFixtures_v3/BD1_20_2_BE.mat column10 accepted0 closureNaN
P1 roundB P1_Breaking_Symmetries_Leads_to_Diverse_Qudrupedal_Gaits/SourceFixtures_v3/BD1_20_2_BE.mat column11 accepted0 closureNaN
P1 roundB P1_Breaking_Symmetries_Leads_to_Diverse_Qudrupedal_Gaits/SourceFixtures_v3/BD1_20_2_BE.mat column1 accepted0 closureNaN
P1 roundB P1_Breaking_Symmetries_Leads_to_Diverse_Qudrupedal_Gaits/SourceFixtures_v3/BD1_20_2_BE.mat column41 accepted0 closureNaN
P1 roundB P1_Breaking_Symmetries_Leads_to_Diverse_Qudrupedal_Gaits/SourceFixtures_v3/BD1_20_2_BE.mat column81 accepted0 closureNaN
P1 roundB P1_Breaking_Symmetries_Leads_to_Diverse_Qudrupedal_Gaits/SourceFixtures_v3/BD1_20_2_BE.mat column122 accepted0 closureNaN
P1 signedsector1 amplitude-0.001 accepted0 target0 closureInf
P1 signedsector1 amplitude+0.001 accepted0 target0 closureInf
P1 signedsector2 amplitude-0.001 accepted0 target0 closureInf
P1 signedsector2 amplitude+0.001 accepted0 target0 closureInf
MATLAB research taskP1_source_03_B, roundB, attempt1, remainingtotal6785.0s, slice240.0s
P1 roundB P1_Breaking_Symmetries_Leads_to_Diverse_Qudrupedal_Gaits/SourceFixtures_v3/BD1_20_2_FE.mat column208 accepted0 closureNaN
P1 roundB P1_Breaking_Symmetries_Leads_to_Diverse_Qudrupedal_Gaits/SourceFixtures_v3/BD1_20_2_FE.mat column209 accepted0 closureNaN
P1 roundB P1_Breaking_Symmetries_Leads_to_Diverse_Qudrupedal_Gaits/SourceFixtures_v3/BD1_20_2_FE.mat column210 accepted0 closureNaN
P1 roundB P1_Breaking_Symmetries_Leads_to_Diverse_Qudrupedal_Gaits/SourceFixtures_v3/BD1_20_2_FE.mat column211 accepted0 closureNaN
P1 roundB P1_Breaking_Symmetries_Leads_to_Diverse_Qudrupedal_Gaits/SourceFixtures_v3/BD1_20_2_FE.mat column212 accepted0 closureNaN
P1 roundB P1_Breaking_Symmetries_Leads_to_Diverse_Qudrupedal_Gaits/SourceFixtures_v3/BD1_20_2_FE.mat column213 accepted0 closureNaN
P1 roundB P1_Breaking_Symmetries_Leads_to_Diverse_Qudrupedal_Gaits/SourceFixtures_v3/BD1_20_2_FE.mat column206 accepted0 closureNaN
P1 roundB P1_Breaking_Symmetries_Leads_to_Diverse_Qudrupedal_Gaits/SourceFixtures_v3/BD1_20_2_FE.mat column207 accepted0 closureNaN
P1 roundB P1_Breaking_Symmetries_Leads_to_Diverse_Qudrupedal_Gaits/SourceFixtures_v3/BD1_20_2_FE.mat column1 accepted0 closureNaN
P1 roundB P1_Breaking_Symmetries_Leads_to_Diverse_Qudrupedal_Gaits/SourceFixtures_v3/BD1_20_2_FE.mat column22 accepted0 closureNaN
P1 roundB P1_Breaking_Symmetries_Leads_to_Diverse_Qudrupedal_Gaits/SourceFixtures_v3/BD1_20_2_FE.mat column42 accepted0 closureNaN
P1 roundB P1_Breaking_Symmetries_Leads_to_Diverse_Qudrupedal_Gaits/SourceFixtures_v3/BD1_20_2_FE.mat column63 accepted0 closureNaN
P1 signedsector1 amplitude-0.001 accepted0 target0 closureInf
P1 signedsector1 amplitude+0.001 accepted0 target0 closureInf
MATLAB research taskP1_source_05_B, roundB, attempt1, remainingtotal6725.4s, slice240.0s
P1 roundB P1_Breaking_Symmetries_Leads_to_Diverse_Qudrupedal_Gaits/SourceFixtures_v3/BD1_20_2_GE.mat column1 accepted0 closureNaN
P1 roundB P1_Breaking_Symmetries_Leads_to_Diverse_Qudrupedal_Gaits/SourceFixtures_v3/BD1_20_2_GE.mat column2 accepted0 closureNaN
P1 roundB P1_Breaking_Symmetries_Leads_to_Diverse_Qudrupedal_Gaits/SourceFixtures_v3/BD1_20_2_GE.mat column3 accepted0 closureNaN
P1 roundB P1_Breaking_Symmetries_Leads_to_Diverse_Qudrupedal_Gaits/SourceFixtures_v3/BD1_20_2_GE.mat column4 accepted0 closureNaN
P1 roundB P1_Breaking_Symmetries_Leads_to_Diverse_Qudrupedal_Gaits/SourceFixtures_v3/BD1_20_2_GE.mat column5 accepted0 closureNaN
P1 roundB P1_Breaking_Symmetries_Leads_to_Diverse_Qudrupedal_Gaits/SourceFixtures_v3/BD1_20_2_GE.mat column6 accepted0 closureNaN
P1 roundB P1_Breaking_Symmetries_Leads_to_Diverse_Qudrupedal_Gaits/SourceFixtures_v3/BD1_20_2_GE.mat column19 accepted0 closureNaN
P1 roundB P1_Breaking_Symmetries_Leads_to_Diverse_Qudrupedal_Gaits/SourceFixtures_v3/BD1_20_2_GE.mat column37 accepted0 closureNaN
P1 roundB P1_Breaking_Symmetries_Leads_to_Diverse_Qudrupedal_Gaits/SourceFixtures_v3/BD1_20_2_GE.mat column55 accepted0 closureNaN
P1 roundB P1_Breaking_Symmetries_Leads_to_Diverse_Qudrupedal_Gaits/SourceFixtures_v3/BD1_20_2_GE.mat column73 accepted0 closureNaN
P1 roundB P1_Breaking_Symmetries_Leads_to_Diverse_Qudrupedal_Gaits/SourceFixtures_v3/BD1_20_2_GE.mat column91 accepted0 closureNaN
P1 roundB P1_Breaking_Symmetries_Leads_to_Diverse_Qudrupedal_Gaits/SourceFixtures_v3/BD1_20_2_GE.mat column110 accepted0 closureNaN
MATLAB research taskP1_source_07_B, roundB, attempt1, remainingtotal6694.6s, slice240.0s
P1 roundB P1_Breaking_Symmetries_Leads_to_Diverse_Qudrupedal_Gaits/SourceFixtures_v3/BD1_20_2_HE.mat column155 accepted0 closureNaN
P1 roundB P1_Breaking_Symmetries_Leads_to_Diverse_Qudrupedal_Gaits/SourceFixtures_v3/BD1_20_2_HE.mat column156 accepted0 closureNaN
P1 roundB P1_Breaking_Symmetries_Leads_to_Diverse_Qudrupedal_Gaits/SourceFixtures_v3/BD1_20_2_HE.mat column157 accepted0 closureNaN
P1 roundB P1_Breaking_Symmetries_Leads_to_Diverse_Qudrupedal_Gaits/SourceFixtures_v3/BD1_20_2_HE.mat column158 accepted0 closureNaN
P1 roundB P1_Breaking_Symmetries_Leads_to_Diverse_Qudrupedal_Gaits/SourceFixtures_v3/BD1_20_2_HE.mat column159 accepted0 closureNaN
