
	Student License -- for use by students to meet course requirements
	and perform academic research at degree granting institutions only.

MATLAB research taskP1_source_25_B, roundB, attempt1, remainingtotal9094.4s, slice240.0s
P1 roundB Research_v3/next_round/theory/SourceCriticalFixtures_v3/05_refined_candidates.mat column1 accepted0 closureNaN
P1 signedsector1 amplitude-0.001 accepted0 target0 closureInf
P1 signedsector1 amplitude+0.001 accepted0 target0 closureInf
MATLAB research taskP1_source_19_B, roundB, attempt1, remainingtotal9082.8s, slice240.0s
P1 roundB Research_v3/next_round/theory/SourceCriticalFixtures_v3/01_refined_candidates.mat column1 accepted0 closureNaN
P1 signedsector1 amplitude-0.001 accepted0 target0 closureInf
P1 signedsector1 amplitude+0.001 accepted0 target0 closureInf
P1 signedsector2 amplitude-0.001 accepted0 target0 closureInf
P1 signedsector2 amplitude+0.001 accepted0 target0 closureInf
MATLAB research taskP1_source_23_B, roundB, attempt1, remainingtotal9075.2s, slice240.0s
P1 roundB Research_v3/next_round/theory/SourceCriticalFixtures_v3/03_refined_candidates.mat column1 accepted0 closureNaN
P1 signedsector1 amplitude-0.001 accepted0 target0 closureInf
P1 signedsector1 amplitude+0.001 accepted0 target0 closureInf
MATLAB research taskP1_source_24_B, roundB, attempt1, remainingtotal9071.9s, slice240.0s
P1 roundB Research_v3/next_round/theory/SourceCriticalFixtures_v3/04_refined_candidates.mat column1 accepted0 closureNaN
P1 signedsector1 amplitude-0.001 accepted0 target0 closureInf
P1 signedsector1 amplitude+0.001 accepted0 target0 closureInf
MATLAB research taskP2_source_26_B, roundB, attempt1, remainingtotal9068.8s, slice240.0s
P2 roundB Research_v3/next_round/theory/SourceCriticalFixtures_v3/06_PK_at_B2_critical.mat column1 accepted0 closureNaN
P2 signedsector1 amplitude-0.001 accepted0 target0 closureInf
P2 signedsector1 amplitude+0.001 accepted0 target0 closureInf
MATLAB research taskP2_source_27_B, roundB, attempt1, remainingtotal9064.3s, slice240.0s
P2 roundB Research_v3/next_round/theory/SourceCriticalFixtures_v3/07_B2_local_daughters.mat column1 accepted0 closureNaN
P2 roundB Research_v3/next_round/theory/SourceCriticalFixtures_v3/07_B2_local_daughters.mat column2 accepted0 closureNaN
P2 roundB Research_v3/next_round/theory/SourceCriticalFixtures_v3/07_B2_local_daughters.mat column3 accepted0 closureNaN
P2 roundB Research_v3/next_round/theory/SourceCriticalFixtures_v3/07_B2_local_daughters.mat column4 accepted0 closureNaN
P2 roundB Research_v3/next_round/theory/SourceCriticalFixtures_v3/07_B2_local_daughters.mat column5 accepted0 closureNaN
P2 roundB Research_v3/next_round/theory/SourceCriticalFixtures_v3/07_B2_local_daughters.mat column6 accepted0 closureNaN
P2 roundB Research_v3/next_round/theory/SourceCriticalFixtures_v3/07_B2_local_daughters.mat column7 accepted0 closureNaN
P2 roundB Research_v3/next_round/theory/SourceCriticalFixtures_v3/07_B2_local_daughters.mat column8 accepted0 closureNaN
P2 signedsector1 amplitude-0.001 accepted0 target0 closureInf
P2 signedsector1 amplitude+0.001 accepted0 target0 closureInf
P2 signedsector2 amplitude-0.001 accepted0 target0 closureInf
P2 signedsector2 amplitude+0.001 accepted0 target0 closureInf
MATLAB research taskP2_source_17_B, roundB, attempt1, remainingtotal9047.4s, slice240.0s
P2 roundB P2_All_Common_Quadrupedal_Gaits/SourceFixtures_v3/PK_20_2.mat column1 accepted1 closure4.36e-12
P2 roundB P2_All_Common_Quadrupedal_Gaits/SourceFixtures_v3/PK_20_2.mat column2 accepted1 closure5.83e-13
P2 roundB P2_All_Common_Quadrupedal_Gaits/SourceFixtures_v3/PK_20_2.mat column3 accepted1 closure1.1e-11
P2 roundB P2_All_Common_Quadrupedal_Gaits/SourceFixtures_v3/PK_20_2.mat column4 accepted1 closure4.99e-13
P2 roundB P2_All_Common_Quadrupedal_Gaits/SourceFixtures_v3/PK_20_2.mat column5 accepted1 closure4.99e-13
P2 roundB P2_All_Common_Quadrupedal_Gaits/SourceFixtures_v3/PK_20_2.mat column6 accepted1 closure4.92e-13
P2 roundB P2_All_Common_Quadrupedal_Gaits/SourceFixtures_v3/PK_20_2.mat column82 accepted0 closureNaN
MATLAB research taskP2_source_18_B, roundB, attempt1, remainingtotal8797.9s, slice240.0s
P2 roundB P2_All_Common_Quadrupedal_Gaits/SourceFixtures_v3/PK_B2_Parent.mat column132 accepted0 closureNaN
P2 roundB P2_All_Common_Quadrupedal_Gaits/SourceFixtures_v3/PK_B2_Parent.mat column131 accepted0 closureNaN
P2 roundB P2_All_Common_Quadrupedal_Gaits/SourceFixtures_v3/PK_B2_Parent.mat column133 accepted0 closureNaN
P2 roundB P2_All_Common_Quadrupedal_Gaits/SourceFixtures_v3/PK_B2_Parent.mat column130 accepted0 closureNaN
P2 roundB P2_All_Common_Quadrupedal_Gaits/SourceFixtures_v3/PK_B2_Parent.mat column134 accepted0 closureNaN
P2 roundB P2_All_Common_Quadrupedal_Gaits/SourceFixtures_v3/PK_B2_Parent.mat column129 accepted0 closureNaN
P2 roundB P2_All_Common_Quadrupedal_Gaits/SourceFixtures_v3/PK_B2_Parent.mat column128 accepted0 closureNaN
P2 roundB P2_All_Common_Quadrupedal_Gaits/SourceFixtures_v3/PK_B2_Parent.mat column135 accepted0 closureNaN
P2 roundB P2_All_Common_Quadrupedal_Gaits/SourceFixtures_v3/PK_B2_Parent.mat column1 accepted0 closureNaN
P2 roundB P2_All_Common_Quadrupedal_Gaits/SourceFixtures_v3/PK_B2_Parent.mat column24 accepted0 closureNaN
P2 roundB P2_All_Common_Quadrupedal_Gaits/SourceFixtures_v3/PK_B2_Parent.mat column48 accepted0 closureNaN
P2 roundB P2_All_Common_Quadrupedal_Gaits/SourceFixtures_v3/PK_B2_Parent.mat column71 accepted0 closureNaN
P2 signedsector1 amplitude-0.001 accepted0 target0 closureInf
P2 signedsector1 amplitude+0.001 accepted0 target0 closureInf
partial_checkpoint
   2.0899e+03

