Losslessly compressed compatibility_report.mat: 2760816 to 141855 bytes; complete isequaln passed
Losslessly compressed fixed_family_report.mat: 46568 to 2110 bytes; complete isequaln passed
Losslessly compressed fixture_09_00001.mat: 4301680 to 153606 bytes; complete isequaln passed
Losslessly compressed fixture_14_00001.mat: 4276303 to 101867 bytes; complete isequaln passed
Losslessly compressed fixture_14_00115.mat: 4298408 to 138744 bytes; complete isequaln passed
Losslessly compressed fixture_14_00228.mat: 4301467 to 143406 bytes; complete isequaln passed
Losslessly compressed fixture_15_00325.mat: 4286381 to 124800 bytes; complete isequaln passed
Losslessly compressed fixture_17_00001.mat: 4301512 to 153570 bytes; complete isequaln passed
Losslessly compressed floquet_report.mat: 41072 to 1752 bytes; complete isequaln passed
Losslessly compressed full_floquet.mat: 357391654 to 15371053 bytes; complete isequaln passed
Losslessly compressed inventory_report.mat: 120720 to 2651 bytes; complete isequaln passed
Losslessly compressed parent_only_report.mat: 62328 to 2172 bytes; complete isequaln passed
Losslessly compressed pip_pk_local_checkpoint.mat: 1128424 to 41982 bytes; complete isequaln passed
Losslessly compressed pip_pk_local_report.mat: 977456 to 37097 bytes; complete isequaln passed
Losslessly compressed pronk_daughter_1_+0.0001.mat: 7297113 to 283403 bytes; complete isequaln passed
Losslessly compressed pronk_daughter_1_+0.0003.mat: 7307754 to 294851 bytes; complete isequaln passed
Losslessly compressed pronk_daughter_1_+0.001.mat: 7318189 to 310596 bytes; complete isequaln passed
Losslessly compressed pronk_daughter_1_+0.003.mat: 7329484 to 328353 bytes; complete isequaln passed
Losslessly compressed pronk_daughter_1_-0.0001.mat: 7297000 to 283250 bytes; complete isequaln passed
Losslessly compressed pronk_daughter_1_-0.0003.mat: 7307679 to 294728 bytes; complete isequaln passed
Losslessly compressed pronk_daughter_1_-0.001.mat: 7318130 to 310384 bytes; complete isequaln passed
Losslessly compressed pronk_daughter_1_-0.003.mat: 7329418 to 328172 bytes; complete isequaln passed
Losslessly compressed pronk_daughter_2_+0.0001.mat: 7305896 to 287843 bytes; complete isequaln passed
Losslessly compressed pronk_daughter_2_+0.0003.mat: 7310446 to 301133 bytes; complete isequaln passed
Losslessly compressed pronk_daughter_2_+0.001.mat: 7320148 to 316720 bytes; complete isequaln passed
Losslessly compressed pronk_daughter_2_+0.003.mat: 7342726 to 338446 bytes; complete isequaln passed
Losslessly compressed pronk_daughter_2_-0.0001.mat: 7305805 to 287702 bytes; complete isequaln passed
Losslessly compressed pronk_daughter_2_-0.0003.mat: 7310375 to 300921 bytes; complete isequaln passed
Losslessly compressed pronk_daughter_2_-0.001.mat: 7320138 to 316568 bytes; complete isequaln passed
Losslessly compressed pronk_daughter_2_-0.003.mat: 7342602 to 338347 bytes; complete isequaln passed
Losslessly compressed pronk_daughter_v2_1_+0.0001.mat: 10342438 to 549706 bytes; complete isequaln passed
Losslessly compressed pronk_daughter_v2_1_+0.0003.mat: 10364774 to 582488 bytes; complete isequaln passed
Losslessly compressed pronk_daughter_v2_1_+0.001.mat: 10398634 to 629588 bytes; complete isequaln passed
Losslessly compressed pronk_daughter_v2_1_+0.003.mat: 10418542 to 680796 bytes; complete isequaln passed
Losslessly compressed pronk_daughter_v2_1_+0.01.mat: 10457856 to 753416 bytes; complete isequaln passed
Losslessly compressed pronk_daughter_v2_1_-0.0001.mat: 10342033 to 549616 bytes; complete isequaln passed
Losslessly compressed pronk_daughter_v2_1_-0.0003.mat: 10364404 to 582398 bytes; complete isequaln passed
Losslessly compressed pronk_daughter_v2_1_-0.001.mat: 10398281 to 629418 bytes; complete isequaln passed
Losslessly compressed pronk_daughter_v2_1_-0.003.mat: 10418148 to 680728 bytes; complete isequaln passed
Losslessly compressed pronk_daughter_v2_1_-0.01.mat: 10457367 to 753371 bytes; complete isequaln passed
Losslessly compressed pronk_daughter_v2_2_+0.0001.mat: 10352034 to 564124 bytes; complete isequaln passed
Losslessly compressed pronk_daughter_v2_2_+0.0003.mat: 10375955 to 601330 bytes; complete isequaln passed
Losslessly compressed pronk_daughter_v2_2_+0.001.mat: 10400734 to 651496 bytes; complete isequaln passed
Losslessly compressed pronk_daughter_v2_2_+0.003.mat: 10437735 to 708786 bytes; complete isequaln passed
Losslessly compressed pronk_daughter_v2_2_+0.01.mat: 10476757 to 790098 bytes; complete isequaln passed
Losslessly compressed pronk_daughter_v2_2_-0.0001.mat: 10351656 to 563999 bytes; complete isequaln passed
Losslessly compressed pronk_daughter_v2_2_-0.0003.mat: 10375567 to 601255 bytes; complete isequaln passed
Losslessly compressed pronk_daughter_v2_2_-0.001.mat: 10400331 to 651438 bytes; complete isequaln passed
Losslessly compressed pronk_daughter_v2_2_-0.003.mat: 10437265 to 708702 bytes; complete isequaln passed
Losslessly compressed pronk_daughter_v2_2_-0.01.mat: 10476184 to 790019 bytes; complete isequaln passed
Losslessly compressed vertical_report.mat: 3179147 to 94879 bytes; complete isequaln passed
