
	Student License -- for use by students to meet course requirements
	and perform academic research at degree granting institutions only.

  Columns 1 through 7

    4.4341    0.9862    0.0000    0.0000    0.0000    0.0000    4.2835

  Columns 8 through 14

   -0.0000    4.2835    0.0000    4.2835   -0.0000    4.2835    0.5548

  Columns 15 through 21

    0.8098    0.5548    0.8098    0.5548    0.8098    0.5548    0.8098

  Column 22

    1.3646

    {'accepted'                              }
    {'valid'                                 }
    {'status'                                }
    {'rejectionReasons'                      }
    {'exceptionIdentifier'                   }
    {'exceptionMessage'                      }
    {'options'                               }
    {'candidate'                             }
    {'inputMode'                             }
    {'resolvedBranchIndices'                 }
    {'indexMapping'                          }
    {'inputBracket'                          }
    {'referenceTopology'                     }
    {'endpointTopology'                      }
    {'target'                                }
    {'branchSwitchReady'                     }
    {'branchSwitchReadyReason'               }
    {'branchSwitchReadinessDiagnostics'      }
    {'eigenData'                             }
    {'localBranchTangent'                    }
    {'localBranchTangentDiagnostics'         }
    {'history'                               }
    {'bracketHistory'                        }
    {'initialSignedBracket'                  }
    {'iterations'                            }
    {'finalBracket'                          }
    {'finalSignedBracket'                    }
    {'coordinate'                            }
    {'parameters'                            }
    {'solution'                              }
    {'X'                                     }
    {'E'                                     }
    {'correctorCanonicalResidualNormInf'     }
    {'canonicalResidualNormInf'              }
    {'coordinateConstraintResidual'          }
    {'multiplierResidual'                    }
    {'criticalMultiplierUncertainty'         }
    {'criticalMultiplierUncertaintyTolerance'}
    {'richardsonFrobeniusMatrixErrorEstimate'}
    {'multiplier'                            }
    {'criticalMultipliers'                   }
    {'refinementMultipliers'                 }
    {'excludedTargetIndex'                   }
    {'excludedTargetValue'                   }
    {'excludedTargetOverlap'                 }
    {'excludedTargetOverlapGap'              }
    {'criticalEigenvector'                   }
    {'criticalSubspace'                      }
    {'criticalRealInvariantSubspace'         }
    {'modeDiagnostics'                       }
    {'floquetMatrix'                         }
    {'multipliers'                           }
    {'eigenvectors'                          }
    {'floquetDiagnostics'                    }
    {'periodicValidation'                    }
    {'timingValidation'                      }
    {'authoritativeSolvedEventTimes'         }
    {'topology'                              }
    {'topologyComparison'                    }

    {'accepted'                      }
    {'valid'                         }
    {'status'                        }
    {'rejectionReasons'              }
    {'periodicResidualTolerance'     }
    {'solution'                      }
    {'parameters'                    }
    {'initialSectionState'           }
    {'sectionExtraction'             }
    {'mapInfo'                       }
    {'eventTimingSolverSucceeded'    }
    {'eventOrderingConsistent'       }
    {'completeStride'                }
    {'initialOnValidApexSection'     }
    {'returnOnValidApexSection'      }
    {'timingRepeatabilityChecked'    }
    {'timingRepeatable'              }
    {'timingRepeatability'           }
    {'fullStateReturn'               }
    {'sectionStateReturn'            }
    {'periodicResidual'              }
    {'reducedPeriodicResidual'       }
    {'periodicResidualNorm2'         }
    {'periodicResidualNormInf'       }
    {'reducedPeriodicResidualNorm2'  }
    {'reducedPeriodicResidualNormInf'}
    {'fixedPointConverged'           }

    {'TransitionID'    }
    {'CriticalSolution'}
    {'Refinement'      }
    {'Symmetry'        }

  Columns 1 through 7

    4.8336    0.9371   -0.0000    0.0000   -0.0230   -0.4764    4.0768

  Columns 8 through 14

    0.4764    4.0768   -0.4764    4.0768    0.4764    4.0768    0.6375

  Columns 15 through 21

    0.8851    0.4543    0.7019    0.6375    0.8851    0.4543    0.7019

  Column 22

    1.3394

    {'accepted'                              }
    {'valid'                                 }
    {'status'                                }
    {'rejectionReasons'                      }
    {'exceptionIdentifier'                   }
    {'exceptionMessage'                      }
    {'options'                               }
    {'candidate'                             }
    {'inputMode'                             }
    {'resolvedBranchIndices'                 }
    {'indexMapping'                          }
    {'inputBracket'                          }
    {'referenceTopology'                     }
    {'endpointTopology'                      }
    {'target'                                }
    {'branchSwitchReady'                     }
    {'branchSwitchReadyReason'               }
    {'branchSwitchReadinessDiagnostics'      }
    {'eigenData'                             }
    {'localBranchTangent'                    }
    {'localBranchTangentDiagnostics'         }
    {'history'                               }
    {'bracketHistory'                        }
    {'initialSignedBracket'                  }
    {'iterations'                            }
    {'finalBracket'                          }
    {'finalSignedBracket'                    }
    {'coordinate'                            }
    {'parameters'                            }
    {'solution'                              }
    {'X'                                     }
    {'E'                                     }
    {'correctorCanonicalResidualNormInf'     }
    {'canonicalResidualNormInf'              }
    {'coordinateConstraintResidual'          }
    {'multiplierResidual'                    }
    {'criticalMultiplierUncertainty'         }
    {'criticalMultiplierUncertaintyTolerance'}
    {'richardsonFrobeniusMatrixErrorEstimate'}
    {'multiplier'                            }
    {'criticalMultipliers'                   }
    {'refinementMultipliers'                 }
    {'excludedTargetIndex'                   }
    {'excludedTargetValue'                   }
    {'excludedTargetOverlap'                 }
    {'excludedTargetOverlapGap'              }
    {'criticalEigenvector'                   }
    {'criticalSubspace'                      }
    {'criticalRealInvariantSubspace'         }
    {'modeDiagnostics'                       }
    {'floquetMatrix'                         }
    {'multipliers'                           }
    {'eigenvectors'                          }
    {'floquetDiagnostics'                    }
    {'periodicValidation'                    }
    {'timingValidation'                      }
    {'authoritativeSolvedEventTimes'         }
    {'topology'                              }
    {'topologyComparison'                    }

