Roadmap Floquet-v2 robustness: 6 targeted transitions

[1/6] Stage A parent-only: bg_to_hg (BG -> HG)
  parent-only scan: /Users/nanyoujiayu/Documents/GitHub/SLIP_Model_Zoo/SLIP_Quadruped/3_Numerical_Continuation/2_Floquet_Analysis_v2/experiments/roadmap_bifurcation_robustness/data/branch_library/BD1_20_2_BG.mat, columns [37 38 39 40 41]
    [1/5] column 37, dx=4.42665038302 ... accepted (FD 3.255e-09, FB 1.391e-05)
    [2/5] column 38, dx=4.46952916857 ... accepted (FD 1.184e-09, FB 1.344e-05)
    [3/5] column 39, dx=4.51316446151 ... accepted (FD 2.174e-09, FB 1.305e-05)
    [4/5] column 40, dx=4.55703414589 ... accepted (FD 2.730e-09, FB 1.271e-05)
    [5/5] column 41, dx=4.60084130688 ... accepted (FD 1.062e-07, FB 1.248e-05)
  bg_to_hg: dx=4.50616189521, lambda=0.99999993+0i, branch points=4/4, status=targeted-parent-only-prediction-validated

[2/6] Stage A parent-only: bg_to_fg (BG -> FG)
  parent-only scan: /Users/nanyoujiayu/Documents/GitHub/SLIP_Model_Zoo/SLIP_Quadruped/3_Numerical_Continuation/2_Floquet_Analysis_v2/experiments/roadmap_bifurcation_robustness/data/branch_library/BD1_20_2_BG.mat, columns [64 65 66 67 68]
    [1/5] column 64, dx=5.549823086 ... accepted (FD 3.150e-08, FB 2.304e-04)
    [2/5] column 65, dx=5.58957533848 ... accepted (FD 2.318e-09, FB 9.647e-06)
    [3/5] column 66, dx=5.62926511785 ... accepted (FD 1.790e-08, FB 2.374e-04)
    [4/5] column 67, dx=5.66889694754 ... accepted (FD 1.425e-09, FB 2.429e-04)
    [5/5] column 68, dx=5.70847508294 ... accepted (FD 1.887e-09, FB 9.498e-06)
  bg_to_fg: dx=5.64566295496, lambda=0.999999997+0i, branch points=4/4, status=targeted-parent-only-prediction-validated

[3/6] Stage A parent-only: be_to_fe (BE -> FE)
  parent-only scan: /Users/nanyoujiayu/Documents/GitHub/SLIP_Model_Zoo/SLIP_Quadruped/3_Numerical_Continuation/2_Floquet_Analysis_v2/experiments/roadmap_bifurcation_robustness/data/branch_library/BD1_20_2_BE.mat, columns [25 26 27 28 29]
    [1/5] column 25, dx=4.73323146679 ... accepted (FD 1.821e-09, FB 1.896e-05)
    [2/5] column 26, dx=4.77513262234 ... accepted (FD 5.770e-08, FB 1.841e-05)
    [3/5] column 27, dx=4.81697733314 ... accepted (FD 1.726e-09, FB 1.805e-05)
    [4/5] column 28, dx=4.85863309189 ... accepted (FD 2.769e-09, FB 1.764e-05)
    [5/5] column 29, dx=4.90003202751 ... accepted (FD 1.318e-08, FB 1.726e-05)
  be_to_fe: dx=4.83363821441, lambda=0.999999983+0i, branch points=4/4, status=targeted-parent-only-prediction-validated

[4/6] Stage A parent-only: be_to_he (BE -> HE)
  parent-only scan: /Users/nanyoujiayu/Documents/GitHub/SLIP_Model_Zoo/SLIP_Quadruped/3_Numerical_Continuation/2_Floquet_Analysis_v2/experiments/roadmap_bifurcation_robustness/data/branch_library/BD1_20_2_BE.mat, columns [57 58 59 60 61]
    [1/5] column 57, dx=5.99196430939 ... accepted (FD 3.887e-09, FB 5.771e-05)
    [2/5] column 58, dx=6.02955399486 ... accepted (FD 8.277e-09, FB 5.572e-05)
    [3/5] column 59, dx=6.06712906921 ... accepted (FD 2.966e-08, FB 5.662e-05)
    [4/5] column 60, dx=6.1046919785 ... accepted (FD 1.795e-08, FB 5.236e-05)
    [5/5] column 61, dx=6.14224502679 ... accepted (FD 4.422e-09, FB 5.276e-05)
  be_to_he: dx=6.04807025559, lambda=1+0i, branch points=4/4, status=targeted-parent-only-prediction-validated

[5/6] Stage A parent-only: fg_to_gg (FG -> GG)
  parent-only scan: /Users/nanyoujiayu/Documents/GitHub/SLIP_Model_Zoo/SLIP_Quadruped/3_Numerical_Continuation/2_Floquet_Analysis_v2/experiments/roadmap_bifurcation_robustness/data/branch_library/BD1_20_2_FG.mat, columns [143 144 145 146 147]
    [1/5] column 143, dx=5.92335406877 ... accepted (FD 2.487e-09, FB 1.259e-05)
    [2/5] column 144, dx=5.91756873525 ... accepted (FD 2.110e-09, FB 1.249e-05)
    [3/5] column 145, dx=5.91170369051 ... accepted (FD 1.330e-09, FB 1.239e-05)
    [4/5] column 146, dx=5.90576977969 ... accepted (FD 3.613e-09, FB 1.230e-05)
    [5/5] column 147, dx=5.89977711214 ... accepted (FD 2.437e-09, FB 1.220e-05)
  fg_to_gg: dx=5.91164917105, lambda=0.999999994+0i, branch points=4/4, status=targeted-parent-only-prediction-validated

[6/6] Stage A parent-only: he_to_ge (HE -> GE)
  parent-only scan: /Users/nanyoujiayu/Documents/GitHub/SLIP_Model_Zoo/SLIP_Quadruped/3_Numerical_Continuation/2_Floquet_Analysis_v2/experiments/roadmap_bifurcation_robustness/data/branch_library/BD1_20_2_HE.mat, columns [128 129 130 131 132]
    [1/5] column 128, dx=6.13205848942 ... accepted (FD 9.265e-09, FB 1.655e-05)
    [2/5] column 129, dx=6.13477104019 ... accepted (FD 1.831e-09, FB 1.638e-05)
    [3/5] column 130, dx=6.13637906063 ... accepted (FD 2.076e-09, FB 1.621e-05)
    [4/5] column 131, dx=6.13705539233 ... accepted (FD 4.346e-08, FB 1.606e-05)
    [5/5] column 132, dx=6.13695205118 ... accepted (FD 1.889e-07, FB 1.661e-05)
  he_to_ge: dx=6.13622289546, lambda=1+0i, branch points=4/4, status=targeted-parent-only-prediction-validated

[1/6] Stage B held-out: bg_to_hg (HG)

[2/6] Stage B held-out: bg_to_fg (FG)

[3/6] Stage B held-out: be_to_fe (FE)

[4/6] Stage B held-out: be_to_he (HE)

[5/6] Stage B held-out: fg_to_gg (GG)

[6/6] Stage B held-out: he_to_ge (GE)

Parent-only 6/6; held-out 6/6; targeted six-crossing robustness status: validated.
  bg_to_hg  dx=4.50616189521 parent=1 held-out=1 alignment=0.999918
  bg_to_fg  dx=5.64566295496 parent=1 held-out=1 alignment=0.999063
  be_to_fe  dx=4.83363821441 parent=1 held-out=1 alignment=1.000000
  be_to_he  dx=6.04807025559 parent=1 held-out=1 alignment=0.999257
  fg_to_gg  dx=5.91164917105 parent=1 held-out=1 alignment=0.999791
  he_to_ge  dx=6.13622289546 parent=1 held-out=1 alignment=0.999819
