
	Student License -- for use by students to meet course requirements
	and perform academic research at degree granting institutions only.

[
  {
    "estimatedErrors": [
      1.3813312990733052E-7,
      1.014731163625878E-6,
      1.7254069830543683E-6,
      5.2104360330204788E-7,
      1.3727680403472921E-13,
      3.4026455837111493E-9,
      1.3727679366848635E-13,
      3.4026455837111506E-9,
      1.0533304022982982E-13,
      4.8117666107855406E-9,
      1.1381912636024388E-13,
      4.8106016067168956E-9,
      0
    ],
    "classicalDerivative": true,
    "allReliable": true,
    "commonC1EventOrderChart": true,
    "column_fields": "index"
  },
  {
    "estimatedErrors": [
      1.3813312990733052E-7,
      1.014731163625878E-6,
      1.7254069830543683E-6,
      5.2104360330204788E-7,
      1.3727680403472921E-13,
      3.4026455837111493E-9,
      1.3727679366848635E-13,
      3.4026455837111506E-9,
      1.0533304022982982E-13,
      4.8117666107855406E-9,
      1.1381912636024388E-13,
      4.8106016067168956E-9,
      0
    ],
    "classicalDerivative": true,
    "allReliable": true,
    "commonC1EventOrderChart": true,
    "column_fields": "selectedStep"
  },
  {
    "estimatedErrors": [
      1.3813312990733052E-7,
      1.014731163625878E-6,
      1.7254069830543683E-6,
      5.2104360330204788E-7,
      1.3727680403472921E-13,
      3.4026455837111493E-9,
      1.3727679366848635E-13,
      3.4026455837111506E-9,
      1.0533304022982982E-13,
      4.8117666107855406E-9,
      1.1381912636024388E-13,
      4.8106016067168956E-9,
      0
    ],
    "classicalDerivative": true,
    "allReliable": true,
    "commonC1EventOrderChart": true,
    "column_fields": "derivativeEstimate"
  },
  {
    "estimatedErrors": [
      1.3813312990733052E-7,
      1.014731163625878E-6,
      1.7254069830543683E-6,
      5.2104360330204788E-7,
      1.3727680403472921E-13,
      3.4026455837111493E-9,
      1.3727679366848635E-13,
      3.4026455837111506E-9,
      1.0533304022982982E-13,
      4.8117666107855406E-9,
      1.1381912636024388E-13,
      4.8106016067168956E-9,
      0
    ],
    "classicalDerivative": true,
    "allReliable": true,
    "commonC1EventOrderChart": true,
    "column_fields": "estimatedError"
  },
  {
    "estimatedErrors": [
      1.3813312990733052E-7,
      1.014731163625878E-6,
      1.7254069830543683E-6,
      5.2104360330204788E-7,
      1.3727680403472921E-13,
      3.4026455837111493E-9,
      1.3727679366848635E-13,
      3.4026455837111506E-9,
      1.0533304022982982E-13,
      4.8117666107855406E-9,
      1.1381912636024388E-13,
      4.8106016067168956E-9,
      0
    ],
    "classicalDerivative": true,
    "allReliable": true,
    "commonC1EventOrderChart": true,
    "column_fields": "reliable"
  },
  {
    "estimatedErrors": [
      1.3813312990733052E-7,
      1.014731163625878E-6,
      1.7254069830543683E-6,
      5.2104360330204788E-7,
      1.3727680403472921E-13,
      3.4026455837111493E-9,
      1.3727679366848635E-13,
      3.4026455837111506E-9,
      1.0533304022982982E-13,
      4.8117666107855406E-9,
      1.1381912636024388E-13,
      4.8106016067168956E-9,
      0
    ],
    "classicalDerivative": true,
    "allReliable": true,
    "commonC1EventOrderChart": true,
    "column_fields": "differenceType"
  },
  {
    "estimatedErrors": [
      1.3813312990733052E-7,
      1.014731163625878E-6,
      1.7254069830543683E-6,
      5.2104360330204788E-7,
      1.3727680403472921E-13,
      3.4026455837111493E-9,
      1.3727679366848635E-13,
      3.4026455837111506E-9,
      1.0533304022982982E-13,
      4.8117666107855406E-9,
      1.1381912636024388E-13,
      4.8106016067168956E-9,
      0
    ],
    "classicalDerivative": true,
    "allReliable": true,
    "commonC1EventOrderChart": true,
    "column_fields": "oneSided"
  },
  {
    "estimatedErrors": [
      1.3813312990733052E-7,
      1.014731163625878E-6,
      1.7254069830543683E-6,
      5.2104360330204788E-7,
      1.3727680403472921E-13,
      3.4026455837111493E-9,
      1.3727679366848635E-13,
      3.4026455837111506E-9,
      1.0533304022982982E-13,
      4.8117666107855406E-9,
      1.1381912636024388E-13,
      4.8106016067168956E-9,
      0
    ],
    "classicalDerivative": true,
    "allReliable": true,
    "commonC1EventOrderChart": true,
    "column_fields": "piecewiseSmooth"
  },
  {
    "estimatedErrors": [
      1.3813312990733052E-7,
      1.014731163625878E-6,
      1.7254069830543683E-6,
      5.2104360330204788E-7,
      1.3727680403472921E-13,
      3.4026455837111493E-9,
      1.3727679366848635E-13,
      3.4026455837111506E-9,
      1.0533304022982982E-13,
      4.8117666107855406E-9,
      1.1381912636024388E-13,
      4.8106016067168956E-9,
      0
    ],
    "classicalDerivative": true,
    "allReliable": true,
    "commonC1EventOrderChart": true,
    "column_fields": "eventSignatures"
  },
  {
    "estimatedErrors": [
      1.3813312990733052E-7,
      1.014731163625878E-6,
      1.7254069830543683E-6,
      5.2104360330204788E-7,
      1.3727680403472921E-13,
      3.4026455837111493E-9,
      1.3727679366848635E-13,
      3.4026455837111506E-9,
      1.0533304022982982E-13,
      4.8117666107855406E-9,
      1.1381912636024388E-13,
      4.8106016067168956E-9,
      0
    ],
    "classicalDerivative": true,
    "allReliable": true,
    "commonC1EventOrderChart": true,
    "column_fields": "sectionSignatures"
  },
  {
    "estimatedErrors": [
      1.3813312990733052E-7,
      1.014731163625878E-6,
      1.7254069830543683E-6,
      5.2104360330204788E-7,
      1.3727680403472921E-13,
      3.4026455837111493E-9,
      1.3727679366848635E-13,
      3.4026455837111506E-9,
      1.0533304022982982E-13,
      4.8117666107855406E-9,
      1.1381912636024388E-13,
      4.8106016067168956E-9,
      0
    ],
    "classicalDerivative": true,
    "allReliable": true,
    "commonC1EventOrderChart": true,
    "column_fields": "clusterSignatures"
  },
  {
    "estimatedErrors": [
      1.3813312990733052E-7,
      1.014731163625878E-6,
      1.7254069830543683E-6,
      5.2104360330204788E-7,
      1.3727680403472921E-13,
      3.4026455837111493E-9,
      1.3727679366848635E-13,
      3.4026455837111506E-9,
      1.0533304022982982E-13,
      4.8117666107855406E-9,
      1.1381912636024388E-13,
      4.8106016067168956E-9,
      0
    ],
    "classicalDerivative": true,
    "allReliable": true,
    "commonC1EventOrderChart": true,
    "column_fields": "returnMultiplicities"
  },
  {
    "estimatedErrors": [
      1.3813312990733052E-7,
      1.014731163625878E-6,
      1.7254069830543683E-6,
      5.2104360330204788E-7,
      1.3727680403472921E-13,
      3.4026455837111493E-9,
      1.3727679366848635E-13,
      3.4026455837111506E-9,
      1.0533304022982982E-13,
      4.8117666107855406E-9,
      1.1381912636024388E-13,
      4.8106016067168956E-9,
      0
    ],
    "classicalDerivative": true,
    "allReliable": true,
    "commonC1EventOrderChart": true,
    "column_fields": "returnMultiplicityPreserved"
  },
  {
    "estimatedErrors": [
      1.3813312990733052E-7,
      1.014731163625878E-6,
      1.7254069830543683E-6,
      5.2104360330204788E-7,
      1.3727680403472921E-13,
      3.4026455837111493E-9,
      1.3727679366848635E-13,
      3.4026455837111506E-9,
      1.0533304022982982E-13,
      4.8117666107855406E-9,
      1.1381912636024388E-13,
      4.8106016067168956E-9,
      0
    ],
    "classicalDerivative": true,
    "allReliable": true,
    "commonC1EventOrderChart": true,
    "column_fields": "forwardOneSided"
  },
  {
    "estimatedErrors": [
      1.3813312990733052E-7,
      1.014731163625878E-6,
      1.7254069830543683E-6,
      5.2104360330204788E-7,
      1.3727680403472921E-13,
      3.4026455837111493E-9,
      1.3727679366848635E-13,
      3.4026455837111506E-9,
      1.0533304022982982E-13,
      4.8117666107855406E-9,
      1.1381912636024388E-13,
      4.8106016067168956E-9,
      0
    ],
    "classicalDerivative": true,
    "allReliable": true,
    "commonC1EventOrderChart": true,
    "column_fields": "backwardOneSided"
  },
  {
    "estimatedErrors": [
      1.3813312990733052E-7,
      1.014731163625878E-6,
      1.7254069830543683E-6,
      5.2104360330204788E-7,
      1.3727680403472921E-13,
      3.4026455837111493E-9,
      1.3727679366848635E-13,
      3.4026455837111506E-9,
      1.0533304022982982E-13,
      4.8117666107855406E-9,
      1.1381912636024388E-13,
      4.8106016067168956E-9,
      0
    ],
    "classicalDerivative": true,
    "allReliable": true,
    "commonC1EventOrderChart": true,
    "column_fields": "failureReasons"
  },
  {
    "estimatedErrors": [
      1.3813312990733052E-7,
      1.014731163625878E-6,
      1.7254069830543683E-6,
      5.2104360330204788E-7,
      1.3727680403472921E-13,
      3.4026455837111493E-9,
      1.3727679366848635E-13,
      3.4026455837111506E-9,
      1.0533304022982982E-13,
      4.8117666107855406E-9,
      1.1381912636024388E-13,
      4.8106016067168956E-9,
      0
    ],
    "classicalDerivative": true,
    "allReliable": true,
    "commonC1EventOrderChart": true,
    "column_fields": "mapEvaluations"
  },
  {
    "estimatedErrors": [
      1.3813312990733052E-7,
      1.014731163625878E-6,
      1.7254069830543683E-6,
      5.2104360330204788E-7,
      1.3727680403472921E-13,
      3.4026455837111493E-9,
      1.3727679366848635E-13,
      3.4026455837111506E-9,
      1.0533304022982982E-13,
      4.8117666107855406E-9,
      1.1381912636024388E-13,
      4.8106016067168956E-9,
      0
    ],
    "classicalDerivative": true,
    "allReliable": true,
    "commonC1EventOrderChart": true,
    "column_fields": "candidateSteps"
  },
  {
    "estimatedErrors": [
      1.3813312990733052E-7,
      1.014731163625878E-6,
      1.7254069830543683E-6,
      5.2104360330204788E-7,
      1.3727680403472921E-13,
      3.4026455837111493E-9,
      1.3727679366848635E-13,
      3.4026455837111506E-9,
      1.0533304022982982E-13,
      4.8117666107855406E-9,
      1.1381912636024388E-13,
      4.8106016067168956E-9,
      0
    ],
    "classicalDerivative": true,
    "allReliable": true,
    "commonC1EventOrderChart": true,
    "column_fields": "selectedCandidate"
  },
  {
    "estimatedErrors": [
      1.3813312990733052E-7,
      1.014731163625878E-6,
      1.7254069830543683E-6,
      5.2104360330204788E-7,
      1.3727680403472921E-13,
      3.4026455837111493E-9,
      1.3727679366848635E-13,
      3.4026455837111506E-9,
      1.0533304022982982E-13,
      4.8117666107855406E-9,
      1.1381912636024388E-13,
      4.8106016067168956E-9,
      0
    ],
    "classicalDerivative": true,
    "allReliable": true,
    "commonC1EventOrderChart": true,
    "column_fields": "candidates"
  }
]
