
	Student License -- for use by students to meet course requirements
	and perform academic research at degree granting institutions only.

                         failed_artifact: 'Research_v3/next_round/tasks/full/PIP_candidate_1/daughter_-0.0003_attempt_1.mat'
                           failed_sha256: '8b90e9159da78e7eb3f59f0efc20d581b76265e850a59c5605d294d74e27d800'
                        initial_residual: 3.1019e-05
                          final_residual: 3.1019e-05
         assigned_remaining_wall_seconds: 3.7796
                         elapsed_seconds: 7.9503
              accepted_Newton_iterations: 0
                  actual_map_evaluations: 2
                      objective_attempts: 24
                             FD_attempts: 21
                                 columns: [1×5 struct]
                         primary_failure: [1×1 struct]
              accepted_previous_artifact: 'Research_v3/next_round/tasks/full/PIP_candidate_1/daughter_-0.0001_attempt_1.mat'
                   previous_full_closure: 1.0843e-12
              previous_Newton_iterations: 2
                previous_finite_Jacobian: [5×5 double]
       previous_Jacobian_singular_values: [5×1 double]
    previous_Jacobian_condition_estimate: 2.2314e+04
                          interpretation: 'A3.78-second remainder starved all FD columns; the failed artifact supplies no conditioning estimate. The prior constrained branch Jacobian is finite and the prior correction converged.'
                prospective_optimization: 'Checkpoint before a new daughter when the remaining slice cannot build its derivative. Warm-start the next same-sign point from the preceding accepted orbit and finite Jacobian in the same physical chart and equations, retain Broyden refresh5 and fresh acceptance. A quadratic energy predictor is a separately recorded reflection-symmetry hypothesis, not branch evidence.'

                           artifact: 'Research_v3/next_round/tasks/full/P1_source_25_B/column_00001_revision_000_correction.mat'
                             sha256: 'bad9e04f5801f314e141f0b9db4378324159b7fb0218513dae46a0614357a44c'
                 physical_parameter: [10×1 double]
                      initial_state: [14×1 double]
                       initial_mode: [4×1 logical]
                             energy: 10.8167
        angle_deviation_from_common: [4×1 double]
         rate_deviation_from_common: [4×1 double]
                              pitch: 7.5229e-17
                         pitch_rate: 6.7974e-09
                 first_failure_time: 1.2895
        first_negative_compressions: [4×1 double]
                 failure_identifier: 'ContinuousDynamics_v3:TensileStance'
                    failure_message: 'Stance compression is below the admissibility tolerance for leg(s) BL, BR.'
                   last_valid_state: [14×1 double]
                    last_valid_mode: [4×1 logical]
                           timeline: [1×10 struct]
    exact_pronk_projection_executed: 0
                     recommendation: 'Measure post-reset guard direction at the failed contact. Tiny signed angle differences make this almost-pronk, but a fresh exact-pronk projection/correction remains an experiment and cannot be presumed to repair immediate tensile contact.'

