
	Student License -- for use by students to meet course requirements
	and perform academic research at degree granting institutions only.

  Columns 1 through 3

    {'plus-h invalid: …'}    {'minus-h invalid:…'}    {'plus-h/2 invalid…'}

  Column 4

    {'minus-h/2 invali…'}

    4.2342
    1.4142
    1.0051
    1.0000
    0.0002

    {'identifier'              }
    {'message'                 }
    {'report'                  }
    {'stage'                   }
    {'initial_state_admissible'}
    {'last_valid_time'         }
    {'last_valid_state'        }
    {'last_valid_mode'         }
    {'candidate_time'          }
    {'candidate_state'         }
    {'candidate_mode'          }
    {'raw_segment'             }
    {'pending_event'           }

  Columns 1 through 7

    0.0000    0.0000    0.8094    0.1571    0.0000    0.0000    0.6277

  Columns 8 through 14

   -0.0923    0.6277   -0.0923   -0.6277    0.0923   -0.6277    0.0923

   1   1   1   1

   1.0e-04 *

   -0.3837   -0.3837   -0.3837   -0.3837

  Columns 1 through 7

    0.1854    0.1854    0.1854    0.1854    1.1610    1.1610    1.1610

  Columns 8 through 14

    1.1610    1.1893    1.1893    1.1893    1.1893    2.4523    2.4523

  Columns 15 through 16

    2.4523    2.4523

  Columns 1 through 6

    {'BL_TD'}    {'BR_TD'}    {'FL_TD'}    {'FR_TD'}    {'BL_LO'}    {'BR_LO'}

  Columns 7 through 12

    {'FL_LO'}    {'FR_LO'}    {'BL_TD'}    {'BR_TD'}    {'FL_TD'}    {'FR_TD'}

  Columns 13 through 16

    {'BL_LO'}    {'BR_LO'}    {'FL_LO'}    {'FR_LO'}

