
	Student License -- for use by students to meet course requirements
	and perform academic research at degree granting institutions only.

{Subscripted assignment between dissimilar structures.

Error in RunResearchCampaign_v3 (line 71)
                    observations(end+1)=entry; %#ok<AGROW>
                    ^^^^^^^^^^^^^^^^^^^
} 

	Student License -- for use by students to meet course requirements
	and perform academic research at degree granting institutions only.

Fixture BD1_20_2_BE.mat column 1: rejected NaN ContinuousDynamics_v3:PhysicallyInadmissible: Quadruped section-return is physically inadmissible: swing_foot_penetration:BL, contact_complementarity_loss:BL, swing_foot_penetration:BR, contact_complementarity_loss:BR, swing_foot_penetration:FL, contact_complementarity_loss:FL, swing_foot_penetration:FR, contact_complementarity_loss:FR.
Fixture BD1_20_2_BE.mat column 222: rejected NaN ContinuousDynamics_v3:TensileStance: Stance compression is below the admissibility tolerance for leg(s) BL, BR.
Fixture BD1_20_2_BE.mat column 443: rejected NaN ContinuousDynamics_v3:PhysicallyInadmissible: Quadruped section-return is physically inadmissible: swing_foot_penetration:BL, contact_complementarity_loss:BL, swing_foot_penetration:BR, contact_complementarity_loss:BR, swing_foot_penetration:FL, contact_complementarity_loss:FL, swing_foot_penetration:FR, contact_complementarity_loss:FR.
Fixture BD1_20_2_BG.mat column 1: rejected NaN ContinuousDynamics_v3:PhysicallyInadmissible: Quadruped section-return is physically inadmissible: swing_foot_penetration:BL, contact_complementarity_loss:BL, swing_foot_penetration:BR, contact_complementarity_loss:BR, swing_foot_penetration:FL, contact_complementarity_loss:FL, swing_foot_penetration:FR, contact_complementarity_loss:FR.
Fixture BD1_20_2_BG.mat column 238: rejected NaN ContinuousDynamics_v3:TensileStance: Stance compression is below the admissibility tolerance for leg(s) FL, FR.
Fixture BD1_20_2_BG.mat column 474: rejected NaN ContinuousDynamics_v3:PhysicallyInadmissible: Quadruped section-return is physically inadmissible: swing_foot_penetration:BL, contact_complementarity_loss:BL, swing_foot_penetration:BR, contact_complementarity_loss:BR, swing_foot_penetration:FL, contact_complementarity_loss:FL, swing_foot_penetration:FR, contact_complementarity_loss:FR.
Fixture BD1_20_2_FE.mat column 1: rejected NaN ContinuousDynamics_v3:PhysicallyInadmissible: Quadruped section-return is physically inadmissible: swing_foot_penetration:BL, contact_complementarity_loss:BL, swing_foot_penetration:BR, contact_complementarity_loss:BR, swing_foot_penetration:FL, contact_complementarity_loss:FL, swing_foot_penetration:FR, contact_complementarity_loss:FR.
Fixture BD1_20_2_FE.mat column 115: rejected NaN ContinuousDynamics_v3:PhysicallyInadmissible: Quadruped section-return is physically inadmissible: swing_foot_penetration:FR, contact_complementarity_loss:FR.
Fixture BD1_20_2_FE.mat column 228: rejected NaN ContinuousDynamics_v3:TensileStance: Stance compression is below the admissibility tolerance for leg(s) BL, BR.
Fixture BD1_20_2_FG.mat column 1: rejected NaN ContinuousDynamics_v3:PhysicallyInadmissible: Quadruped section-return is physically inadmissible: swing_foot_penetration:BL, contact_complementarity_loss:BL, swing_foot_penetration:BR, contact_complementarity_loss:BR, swing_foot_penetration:FL, contact_complementarity_loss:FL, swing_foot_penetration:FR, contact_complementarity_loss:FR.
Fixture BD1_20_2_FG.mat column 107: rejected NaN ContinuousDynamics_v3:PhysicallyInadmissible: Quadruped section-return is physically inadmissible: swing_foot_penetration:FL, contact_complementarity_loss:FL.
Fixture BD1_20_2_FG.mat column 212: rejected NaN ContinuousDynamics_v3:TensileStance: Stance compression is below the admissibility tolerance for leg(s) FL.
Fixture BD1_20_2_GE.mat column 1: rejected NaN ContinuousDynamics_v3:TensileStance: Stance compression is below the admissibility tolerance for leg(s) BL.
Fixture BD1_20_2_GE.mat column 101: rejected NaN ContinuousDynamics_v3:PhysicallyInadmissible: Quadruped section-return is physically inadmissible: swing_foot_penetration:BR, contact_complementarity_loss:BR, swing_foot_penetration:FR, contact_complementarity_loss:FR.
Fixture BD1_20_2_GE.mat column 200: rejected NaN ContinuousDynamics_v3:PhysicallyInadmissible: Quadruped section-return is physically inadmissible: swing_foot_penetration:BR, contact_complementarity_loss:BR.
Fixture BD1_20_2_GG.mat column 1: rejected NaN ContinuousDynamics_v3:PhysicallyInadmissible: Quadruped section-return is physically inadmissible: swing_foot_penetration:FL, contact_complementarity_loss:FL.
Fixture BD1_20_2_GG.mat column 139: rejected NaN ContinuousDynamics_v3:PhysicallyInadmissible: Quadruped section-return is physically inadmissible: swing_foot_penetration:BL, contact_complementarity_loss:BL, swing_foot_penetration:FL, contact_complementarity_loss:FL.
Fixture BD1_20_2_GG.mat column 277: rejected NaN ContinuousDynamics_v3:TensileStance: Stance compression is below the admissibility tolerance for leg(s) BL.
Fixture BD1_20_2_HE.mat column 1: rejected NaN ContinuousDynamics_v3:PhysicallyInadmissible: Quadruped section-return is physically inadmissible: swing_foot_penetration:BL, contact_complementarity_loss:BL, swing_foot_penetration:BR, contact_complementarity_loss:BR, swing_foot_penetration:FL, contact_complementarity_loss:FL, swing_foot_penetration:FR, contact_complementarity_loss:FR.
Fixture BD1_20_2_HE.mat column 91: rejected NaN ContinuousDynamics_v3:PhysicallyInadmissible: Quadruped section-return is physically inadmissible: swing_foot_penetration:BR, contact_complementarity_loss:BR, swing_foot_penetration:FL, contact_complementarity_loss:FL, swing_foot_penetration:FR, contact_complementarity_loss:FR.
Fixture BD1_20_2_HE.mat column 180: rejected NaN ContinuousDynamics_v3:TensileStance: Stance compression is below the admissibility tolerance for leg(s) BR.
Fixture BD1_20_2_HG.mat column 1: rejected NaN ContinuousDynamics_v3:TensileStance: Stance compression is below the admissibility tolerance for leg(s) FL, FR.
Fixture BD1_20_2_HG.mat column 270: rejected NaN ContinuousDynamics_v3:PhysicallyInadmissible: Quadruped section-return is physically inadmissible: swing_foot_penetration:BR, contact_complementarity_loss:BR.
Fixture BD1_20_2_HG.mat column 538: rejected NaN ContinuousDynamics_v3:PhysicallyInadmissible: Quadruped section-return is physically inadmissible: swing_foot_penetration:BL, contact_complementarity_loss:BL, swing_foot_penetration:BR, contact_complementarity_loss:BR, swing_foot_penetration:FL, contact_complementarity_loss:FL, swing_foot_penetration:FR, contact_complementarity_loss:FR.
Fixture PK_20_2.mat column 1: accepted_uncorrected_seed 2.96e-10 
Fixture PK_20_2.mat column 446: rejected NaN ContinuousDynamics_v3:PhysicallyInadmissible: Quadruped section-return is physically inadmissible: swing_foot_penetration:BL, contact_complementarity_loss:BL, swing_foot_penetration:BR, contact_complementarity_loss:BR, swing_foot_penetration:FL, contact_complementarity_loss:FL, swing_foot_penetration:FR, contact_complementarity_loss:FR.
Fixture PK_20_2.mat column 891: rejected NaN ContinuousDynamics_v3:PhysicallyInadmissible: Quadruped section-return is physically inadmissible: swing_foot_penetration:BL, contact_complementarity_loss:BL, swing_foot_penetration:BR, contact_complementarity_loss:BR, swing_foot_penetration:FL, contact_complementarity_loss:FL, swing_foot_penetration:FR, contact_complementarity_loss:FR.
Fixture B2_10_20_2_E.mat column 1: rejected NaN ContinuousDynamics_v3:PhysicallyInadmissible: Quadruped section-return is physically inadmissible: swing_foot_penetration:BL, contact_complementarity_loss:BL, swing_foot_penetration:BR, contact_complementarity_loss:BR, swing_foot_penetration:FL, contact_complementarity_loss:FL, swing_foot_penetration:FR, contact_complementarity_loss:FR.
Fixture B2_10_20_2_E.mat column 654: rejected NaN ContinuousDynamics_v3:PhysicallyInadmissible: Quadruped section-return is physically inadmissible: swing_foot_penetration:BL, contact_complementarity_loss:BL, swing_foot_penetration:BR, contact_complementarity_loss:BR, swing_foot_penetration:FL, contact_complementarity_loss:FL, swing_foot_penetration:FR, contact_complementarity_loss:FR.
Fixture B2_10_20_2_E.mat column 1307: rejected NaN ContinuousDynamics_v3:TensileStance: Stance compression is below the admissibility tolerance for leg(s) BL, BR.
Fixture B2_10_20_2_G.mat column 1: rejected NaN ContinuousDynamics_v3:TensileStance: Stance compression is below the admissibility tolerance for leg(s) FL, FR.
Fixture B2_10_20_2_G.mat column 680: rejected NaN ContinuousDynamics_v3:TensileStance: Stance compression is below the admissibility tolerance for leg(s) BL, BR, FL, FR.
Fixture B2_10_20_2_G.mat column 1358: rejected NaN ContinuousDynamics_v3:PhysicallyInadmissible: Quadruped section-return is physically inadmissible: swing_foot_penetration:BL, contact_complementarity_loss:BL, swing_foot_penetration:BR, contact_complementarity_loss:BR, swing_foot_penetration:FL, contact_complementarity_loss:FL, swing_foot_penetration:FR, contact_complementarity_loss:FR.
Fixture BIP_10_20_2.mat column 1: rejected NaN PoincareMap_v3:InvalidInitialSection: The initial state is not a transverse section point with the requested crossing direction.
Fixture BIP_10_20_2.mat column 453: rejected NaN PoincareMap_v3:InvalidInitialSection: The initial state is not a transverse section point with the requested crossing direction.
Fixture BIP_10_20_2.mat column 904: rejected NaN PoincareMap_v3:InvalidInitialSection: The initial state is not a transverse section point with the requested crossing direction.
Fixture BS_10_20_2_BIP_Child.mat column 1: rejected NaN PoincareMap_v3:NoReturn: No return-to-section crossing for candidate 9 occurred before MaxReturnTime.
Fixture BS_10_20_2_BIP_Child.mat column 107: rejected NaN PoincareMap_v3:InvalidInitialSection: The initial state is not a transverse section point with the requested crossing direction.
Fixture BS_10_20_2_BIP_Child.mat column 213: rejected NaN PoincareMap_v3:InvalidInitialSection: The initial state is not a transverse section point with the requested crossing direction.
Fixture PIP_10_20_2.mat column 1: accepted_uncorrected_seed 4.2e-11 
Fixture PIP_10_20_2.mat column 115: accepted_uncorrected_seed 6.98e-10 
Fixture PIP_10_20_2.mat column 228: accepted_uncorrected_seed 1.89e-09 
Fixture PIP_10_20_2_Spread.mat column 1: rejected NaN ContinuousDynamics_v3:TensileStance: Stance compression is below the admissibility tolerance for leg(s) BL, BR, FL, FR.
Fixture PIP_10_20_2_Spread.mat column 325: accepted_uncorrected_seed 4.48e-10 
Fixture PIP_10_20_2_Spread.mat column 648: rejected NaN ContinuousDynamics_v3:TensileStance: Stance compression is below the admissibility tolerance for leg(s) BL, BR, FL, FR.
Fixture PIP_Delayed_Analytic_10_20_2.mat column 1: accepted_uncorrected_seed 1.26e-10 HybridCycleData_v3:InvalidStateHistory: A finite chronological v3 state history is required.
Fixture PIP_Delayed_Analytic_10_20_2.mat column 794: rejected NaN ContinuousDynamics_v3:TensileStance: Stance compression is below the admissibility tolerance for leg(s) BL, BR, FL, FR.
Fixture PIP_Delayed_Analytic_10_20_2.mat column 1586: rejected NaN ContinuousDynamics_v3:TensileStance: Stance compression is below the admissibility tolerance for leg(s) BL, BR, FL, FR.
Fixture PK_20_2.mat column 1: accepted_uncorrected_seed 2.96e-10 
Fixture PK_20_2.mat column 446: rejected NaN ContinuousDynamics_v3:PhysicallyInadmissible: Quadruped section-return is physically inadmissible: swing_foot_penetration:BL, contact_complementarity_loss:BL, swing_foot_penetration:BR, contact_complementarity_loss:BR, swing_foot_penetration:FL, contact_complementarity_loss:FL, swing_foot_penetration:FR, contact_complementarity_loss:FR.
Fixture PK_20_2.mat column 891: rejected NaN ContinuousDynamics_v3:PhysicallyInadmissible: Quadruped section-return is physically inadmissible: swing_foot_penetration:BL, contact_complementarity_loss:BL, swing_foot_penetration:BR, contact_complementarity_loss:BR, swing_foot_penetration:FL, contact_complementarity_loss:FL, swing_foot_penetration:FR, contact_complementarity_loss:FR.
Fixture PK_B2_Parent.mat column 1: rejected NaN ContinuousDynamics_v3:TensileStance: Stance compression is below the admissibility tolerance for leg(s) BL, BR, FL, FR.
Fixture PK_B2_Parent.mat column 130: rejected NaN ContinuousDynamics_v3:TensileStance: Stance compression is below the admissibility tolerance for leg(s) BL, BR, FL, FR.
Fixture PK_B2_Parent.mat column 259: rejected NaN ContinuousDynamics_v3:TensileStance: Stance compression is below the admissibility tolerance for leg(s) BL, BR, FL, FR.

	Student License -- for use by students to meet course requirements
	and perform academic research at degree granting institutions only.

Fixture BD1_20_2_BE.mat column 1: rejected NaN ContinuousDynamics_v3:PhysicallyInadmissible: Quadruped section-return is physically inadmissible: swing_foot_penetration:BL, contact_complementarity_loss:BL, swing_foot_penetration:BR, contact_complementarity_loss:BR, swing_foot_penetration:FL, contact_complementarity_loss:FL, swing_foot_penetration:FR, contact_complementarity_loss:FR.
Fixture BD1_20_2_BE.mat column 222: rejected NaN ContinuousDynamics_v3:TensileStance: Stance compression is below the admissibility tolerance for leg(s) BL, BR.
Fixture BD1_20_2_BE.mat column 443: rejected NaN ContinuousDynamics_v3:PhysicallyInadmissible: Quadruped section-return is physically inadmissible: swing_foot_penetration:BL, contact_complementarity_loss:BL, swing_foot_penetration:BR, contact_complementarity_loss:BR, swing_foot_penetration:FL, contact_complementarity_loss:FL, swing_foot_penetration:FR, contact_complementarity_loss:FR.
Fixture BD1_20_2_BG.mat column 1: rejected NaN ContinuousDynamics_v3:PhysicallyInadmissible: Quadruped section-return is physically inadmissible: swing_foot_penetration:BL, contact_complementarity_loss:BL, swing_foot_penetration:BR, contact_complementarity_loss:BR, swing_foot_penetration:FL, contact_complementarity_loss:FL, swing_foot_penetration:FR, contact_complementarity_loss:FR.
Fixture BD1_20_2_BG.mat column 238: rejected NaN ContinuousDynamics_v3:TensileStance: Stance compression is below the admissibility tolerance for leg(s) FL, FR.
Fixture BD1_20_2_BG.mat column 474: rejected NaN ContinuousDynamics_v3:PhysicallyInadmissible: Quadruped section-return is physically inadmissible: swing_foot_penetration:BL, contact_complementarity_loss:BL, swing_foot_penetration:BR, contact_complementarity_loss:BR, swing_foot_penetration:FL, contact_complementarity_loss:FL, swing_foot_penetration:FR, contact_complementarity_loss:FR.
Fixture BD1_20_2_FE.mat column 1: rejected NaN ContinuousDynamics_v3:PhysicallyInadmissible: Quadruped section-return is physically inadmissible: swing_foot_penetration:BL, contact_complementarity_loss:BL, swing_foot_penetration:BR, contact_complementarity_loss:BR, swing_foot_penetration:FL, contact_complementarity_loss:FL, swing_foot_penetration:FR, contact_complementarity_loss:FR.
Fixture BD1_20_2_FE.mat column 115: rejected NaN ContinuousDynamics_v3:PhysicallyInadmissible: Quadruped section-return is physically inadmissible: swing_foot_penetration:FR, contact_complementarity_loss:FR.
Fixture BD1_20_2_FE.mat column 228: rejected NaN ContinuousDynamics_v3:TensileStance: Stance compression is below the admissibility tolerance for leg(s) BL, BR.
Fixture BD1_20_2_FG.mat column 1: rejected NaN ContinuousDynamics_v3:PhysicallyInadmissible: Quadruped section-return is physically inadmissible: swing_foot_penetration:BL, contact_complementarity_loss:BL, swing_foot_penetration:BR, contact_complementarity_loss:BR, swing_foot_penetration:FL, contact_complementarity_loss:FL, swing_foot_penetration:FR, contact_complementarity_loss:FR.
Fixture BD1_20_2_FG.mat column 107: rejected NaN ContinuousDynamics_v3:PhysicallyInadmissible: Quadruped section-return is physically inadmissible: swing_foot_penetration:FL, contact_complementarity_loss:FL.
Fixture BD1_20_2_FG.mat column 212: rejected NaN ContinuousDynamics_v3:TensileStance: Stance compression is below the admissibility tolerance for leg(s) FL.
Fixture BD1_20_2_GE.mat column 1: rejected NaN ContinuousDynamics_v3:TensileStance: Stance compression is below the admissibility tolerance for leg(s) BL.
Fixture BD1_20_2_GE.mat column 101: rejected NaN ContinuousDynamics_v3:PhysicallyInadmissible: Quadruped section-return is physically inadmissible: swing_foot_penetration:BR, contact_complementarity_loss:BR, swing_foot_penetration:FR, contact_complementarity_loss:FR.
Fixture BD1_20_2_GE.mat column 200: rejected NaN ContinuousDynamics_v3:PhysicallyInadmissible: Quadruped section-return is physically inadmissible: swing_foot_penetration:BR, contact_complementarity_loss:BR.
Fixture BD1_20_2_GG.mat column 1: rejected NaN ContinuousDynamics_v3:PhysicallyInadmissible: Quadruped section-return is physically inadmissible: swing_foot_penetration:FL, contact_complementarity_loss:FL.
Fixture BD1_20_2_GG.mat column 139: rejected NaN ContinuousDynamics_v3:PhysicallyInadmissible: Quadruped section-return is physically inadmissible: swing_foot_penetration:BL, contact_complementarity_loss:BL, swing_foot_penetration:FL, contact_complementarity_loss:FL.
Fixture BD1_20_2_GG.mat column 277: rejected NaN ContinuousDynamics_v3:TensileStance: Stance compression is below the admissibility tolerance for leg(s) BL.
Fixture BD1_20_2_HE.mat column 1: rejected NaN ContinuousDynamics_v3:PhysicallyInadmissible: Quadruped section-return is physically inadmissible: swing_foot_penetration:BL, contact_complementarity_loss:BL, swing_foot_penetration:BR, contact_complementarity_loss:BR, swing_foot_penetration:FL, contact_complementarity_loss:FL, swing_foot_penetration:FR, contact_complementarity_loss:FR.
Fixture BD1_20_2_HE.mat column 91: rejected NaN ContinuousDynamics_v3:PhysicallyInadmissible: Quadruped section-return is physically inadmissible: swing_foot_penetration:BR, contact_complementarity_loss:BR, swing_foot_penetration:FL, contact_complementarity_loss:FL, swing_foot_penetration:FR, contact_complementarity_loss:FR.
Fixture BD1_20_2_HE.mat column 180: rejected NaN ContinuousDynamics_v3:TensileStance: Stance compression is below the admissibility tolerance for leg(s) BR.
Fixture BD1_20_2_HG.mat column 1: rejected NaN ContinuousDynamics_v3:TensileStance: Stance compression is below the admissibility tolerance for leg(s) FL, FR.
Fixture BD1_20_2_HG.mat column 270: rejected NaN ContinuousDynamics_v3:PhysicallyInadmissible: Quadruped section-return is physically inadmissible: swing_foot_penetration:BR, contact_complementarity_loss:BR.
Fixture BD1_20_2_HG.mat column 538: rejected NaN ContinuousDynamics_v3:PhysicallyInadmissible: Quadruped section-return is physically inadmissible: swing_foot_penetration:BL, contact_complementarity_loss:BL, swing_foot_penetration:BR, contact_complementarity_loss:BR, swing_foot_penetration:FL, contact_complementarity_loss:FL, swing_foot_penetration:FR, contact_complementarity_loss:FR.
Fixture PK_20_2.mat column 1: accepted_autonomous_seed 2.95e-10 
Fixture PK_20_2.mat column 446: rejected NaN ContinuousDynamics_v3:PhysicallyInadmissible: Quadruped section-return is physically inadmissible: swing_foot_penetration:BL, contact_complementarity_loss:BL, swing_foot_penetration:BR, contact_complementarity_loss:BR, swing_foot_penetration:FL, contact_complementarity_loss:FL, swing_foot_penetration:FR, contact_complementarity_loss:FR.
Fixture PK_20_2.mat column 891: rejected NaN ContinuousDynamics_v3:PhysicallyInadmissible: Quadruped section-return is physically inadmissible: swing_foot_penetration:BL, contact_complementarity_loss:BL, swing_foot_penetration:BR, contact_complementarity_loss:BR, swing_foot_penetration:FL, contact_complementarity_loss:FL, swing_foot_penetration:FR, contact_complementarity_loss:FR.
Fixture B2_10_20_2_E.mat column 1: rejected NaN ContinuousDynamics_v3:PhysicallyInadmissible: Quadruped section-return is physically inadmissible: swing_foot_penetration:BL, contact_complementarity_loss:BL, swing_foot_penetration:BR, contact_complementarity_loss:BR, swing_foot_penetration:FL, contact_complementarity_loss:FL, swing_foot_penetration:FR, contact_complementarity_loss:FR.
Fixture B2_10_20_2_E.mat column 654: rejected NaN ContinuousDynamics_v3:PhysicallyInadmissible: Quadruped section-return is physically inadmissible: swing_foot_penetration:BL, contact_complementarity_loss:BL, swing_foot_penetration:BR, contact_complementarity_loss:BR, swing_foot_penetration:FL, contact_complementarity_loss:FL, swing_foot_penetration:FR, contact_complementarity_loss:FR.
Fixture B2_10_20_2_E.mat column 1307: rejected NaN ContinuousDynamics_v3:TensileStance: Stance compression is below the admissibility tolerance for leg(s) BL, BR.
Fixture B2_10_20_2_G.mat column 1: rejected NaN ContinuousDynamics_v3:TensileStance: Stance compression is below the admissibility tolerance for leg(s) FL, FR.
Fixture B2_10_20_2_G.mat column 680: rejected NaN ContinuousDynamics_v3:TensileStance: Stance compression is below the admissibility tolerance for leg(s) BL, BR, FL, FR.
Fixture B2_10_20_2_G.mat column 1358: rejected NaN ContinuousDynamics_v3:PhysicallyInadmissible: Quadruped section-return is physically inadmissible: swing_foot_penetration:BL, contact_complementarity_loss:BL, swing_foot_penetration:BR, contact_complementarity_loss:BR, swing_foot_penetration:FL, contact_complementarity_loss:FL, swing_foot_penetration:FR, contact_complementarity_loss:FR.
Fixture BIP_10_20_2.mat column 1: rejected NaN PoincareMap_v3:InvalidInitialSection: The initial state is not a transverse section point with the requested crossing direction.
Fixture BIP_10_20_2.mat column 453: rejected NaN PoincareMap_v3:InvalidInitialSection: The initial state is not a transverse section point with the requested crossing direction.
Fixture BIP_10_20_2.mat column 904: rejected NaN PoincareMap_v3:InvalidInitialSection: The initial state is not a transverse section point with the requested crossing direction.
Fixture BS_10_20_2_BIP_Child.mat column 1: rejected NaN PoincareMap_v3:NoReturn: No return-to-section crossing for candidate 9 occurred before MaxReturnTime.
Fixture BS_10_20_2_BIP_Child.mat column 107: rejected NaN PoincareMap_v3:InvalidInitialSection: The initial state is not a transverse section point with the requested crossing direction.
Fixture BS_10_20_2_BIP_Child.mat column 213: rejected NaN PoincareMap_v3:InvalidInitialSection: The initial state is not a transverse section point with the requested crossing direction.
Fixture PIP_10_20_2.mat column 1: accepted_autonomous_seed 4.73e-11 
Fixture PIP_10_20_2.mat column 115: accepted_autonomous_seed 6.54e-10 
Fixture PIP_10_20_2.mat column 228: accepted_autonomous_seed 2.11e-09 
Fixture PIP_10_20_2_Spread.mat column 1: rejected NaN ContinuousDynamics_v3:TensileStance: Stance compression is below the admissibility tolerance for leg(s) BL, BR, FL, FR.
Fixture PIP_10_20_2_Spread.mat column 325: accepted_autonomous_seed 4.91e-10 
Fixture PIP_10_20_2_Spread.mat column 648: rejected NaN ContinuousDynamics_v3:TensileStance: Stance compression is below the admissibility tolerance for leg(s) BL, BR, FL, FR.
Fixture PIP_Delayed_Analytic_10_20_2.mat column 1: rejected NaN EventDetector_v3:IneligibleTriggeredGuard: ODE-reported guard BL_LO at t=1.3877787807814457e-17 fails the directed transverse-root contract (g=1.000000082740371e-10, DgF=0).
Fixture PIP_Delayed_Analytic_10_20_2.mat column 794: rejected NaN ContinuousDynamics_v3:TensileStance: Stance compression is below the admissibility tolerance for leg(s) BL, BR, FL, FR.
Fixture PIP_Delayed_Analytic_10_20_2.mat column 1586: rejected NaN ContinuousDynamics_v3:TensileStance: Stance compression is below the admissibility tolerance for leg(s) BL, BR, FL, FR.
Fixture PK_20_2.mat column 1: accepted_autonomous_seed 2.95e-10 
Fixture PK_20_2.mat column 446: rejected NaN ContinuousDynamics_v3:PhysicallyInadmissible: Quadruped section-return is physically inadmissible: swing_foot_penetration:BL, contact_complementarity_loss:BL, swing_foot_penetration:BR, contact_complementarity_loss:BR, swing_foot_penetration:FL, contact_complementarity_loss:FL, swing_foot_penetration:FR, contact_complementarity_loss:FR.
Fixture PK_20_2.mat column 891: rejected NaN ContinuousDynamics_v3:PhysicallyInadmissible: Quadruped section-return is physically inadmissible: swing_foot_penetration:BL, contact_complementarity_loss:BL, swing_foot_penetration:BR, contact_complementarity_loss:BR, swing_foot_penetration:FL, contact_complementarity_loss:FL, swing_foot_penetration:FR, contact_complementarity_loss:FR.
Fixture PK_B2_Parent.mat column 1: rejected NaN ContinuousDynamics_v3:TensileStance: Stance compression is below the admissibility tolerance for leg(s) BL, BR, FL, FR.
Fixture PK_B2_Parent.mat column 130: rejected NaN ContinuousDynamics_v3:TensileStance: Stance compression is below the admissibility tolerance for leg(s) BL, BR, FL, FR.
Fixture PK_B2_Parent.mat column 259: rejected NaN ContinuousDynamics_v3:TensileStance: Stance compression is below the admissibility tolerance for leg(s) BL, BR, FL, FR.

	Student License -- for use by students to meet course requirements
	and perform academic research at degree granting institutions only.

Fixture BD1_20_2_BE.mat column 1: rejected NaN ContinuousDynamics_v3:PhysicallyInadmissible: Quadruped section-return is physically inadmissible: swing_foot_penetration:BL, contact_complementarity_loss:BL, swing_foot_penetration:BR, contact_complementarity_loss:BR, swing_foot_penetration:FL, contact_complementarity_loss:FL, swing_foot_penetration:FR, contact_complementarity_loss:FR.
Fixture BD1_20_2_BE.mat column 222: rejected NaN ContinuousDynamics_v3:TensileStance: Stance compression is below the admissibility tolerance for leg(s) BL, BR.
Fixture BD1_20_2_BE.mat column 443: rejected NaN ContinuousDynamics_v3:PhysicallyInadmissible: Quadruped section-return is physically inadmissible: swing_foot_penetration:BL, contact_complementarity_loss:BL, swing_foot_penetration:BR, contact_complementarity_loss:BR, swing_foot_penetration:FL, contact_complementarity_loss:FL, swing_foot_penetration:FR, contact_complementarity_loss:FR.
Fixture BD1_20_2_BG.mat column 1: rejected NaN ContinuousDynamics_v3:PhysicallyInadmissible: Quadruped section-return is physically inadmissible: swing_foot_penetration:BL, contact_complementarity_loss:BL, swing_foot_penetration:BR, contact_complementarity_loss:BR, swing_foot_penetration:FL, contact_complementarity_loss:FL, swing_foot_penetration:FR, contact_complementarity_loss:FR.
Fixture BD1_20_2_BG.mat column 238: rejected NaN ContinuousDynamics_v3:TensileStance: Stance compression is below the admissibility tolerance for leg(s) FL, FR.
Fixture BD1_20_2_BG.mat column 474: rejected NaN ContinuousDynamics_v3:PhysicallyInadmissible: Quadruped section-return is physically inadmissible: swing_foot_penetration:BL, contact_complementarity_loss:BL, swing_foot_penetration:BR, contact_complementarity_loss:BR, swing_foot_penetration:FL, contact_complementarity_loss:FL, swing_foot_penetration:FR, contact_complementarity_loss:FR.
Fixture BD1_20_2_FE.mat column 1: rejected NaN ContinuousDynamics_v3:PhysicallyInadmissible: Quadruped section-return is physically inadmissible: swing_foot_penetration:BL, contact_complementarity_loss:BL, swing_foot_penetration:BR, contact_complementarity_loss:BR, swing_foot_penetration:FL, contact_complementarity_loss:FL, swing_foot_penetration:FR, contact_complementarity_loss:FR.
Fixture BD1_20_2_FE.mat column 115: rejected NaN ContinuousDynamics_v3:PhysicallyInadmissible: Quadruped section-return is physically inadmissible: swing_foot_penetration:FR, contact_complementarity_loss:FR.
Fixture BD1_20_2_FE.mat column 228: rejected NaN ContinuousDynamics_v3:TensileStance: Stance compression is below the admissibility tolerance for leg(s) BL, BR.
Fixture BD1_20_2_FG.mat column 1: rejected NaN ContinuousDynamics_v3:PhysicallyInadmissible: Quadruped section-return is physically inadmissible: swing_foot_penetration:BL, contact_complementarity_loss:BL, swing_foot_penetration:BR, contact_complementarity_loss:BR, swing_foot_penetration:FL, contact_complementarity_loss:FL, swing_foot_penetration:FR, contact_complementarity_loss:FR.
Fixture BD1_20_2_FG.mat column 107: rejected NaN ContinuousDynamics_v3:PhysicallyInadmissible: Quadruped section-return is physically inadmissible: swing_foot_penetration:FL, contact_complementarity_loss:FL.
Fixture BD1_20_2_FG.mat column 212: rejected NaN ContinuousDynamics_v3:TensileStance: Stance compression is below the admissibility tolerance for leg(s) FL.
Fixture BD1_20_2_GE.mat column 1: rejected NaN ContinuousDynamics_v3:TensileStance: Stance compression is below the admissibility tolerance for leg(s) BL.
Fixture BD1_20_2_GE.mat column 101: rejected NaN ContinuousDynamics_v3:PhysicallyInadmissible: Quadruped section-return is physically inadmissible: swing_foot_penetration:BR, contact_complementarity_loss:BR, swing_foot_penetration:FR, contact_complementarity_loss:FR.
Fixture BD1_20_2_GE.mat column 200: rejected NaN ContinuousDynamics_v3:PhysicallyInadmissible: Quadruped section-return is physically inadmissible: swing_foot_penetration:BR, contact_complementarity_loss:BR.
Fixture BD1_20_2_GG.mat column 1: rejected NaN ContinuousDynamics_v3:PhysicallyInadmissible: Quadruped section-return is physically inadmissible: swing_foot_penetration:FL, contact_complementarity_loss:FL.
Fixture BD1_20_2_GG.mat column 139: rejected NaN ContinuousDynamics_v3:PhysicallyInadmissible: Quadruped section-return is physically inadmissible: swing_foot_penetration:BL, contact_complementarity_loss:BL, swing_foot_penetration:FL, contact_complementarity_loss:FL.
Fixture BD1_20_2_GG.mat column 277: rejected NaN ContinuousDynamics_v3:TensileStance: Stance compression is below the admissibility tolerance for leg(s) BL.
Fixture BD1_20_2_HE.mat column 1: rejected NaN ContinuousDynamics_v3:PhysicallyInadmissible: Quadruped section-return is physically inadmissible: swing_foot_penetration:BL, contact_complementarity_loss:BL, swing_foot_penetration:BR, contact_complementarity_loss:BR, swing_foot_penetration:FL, contact_complementarity_loss:FL, swing_foot_penetration:FR, contact_complementarity_loss:FR.
Fixture BD1_20_2_HE.mat column 91: rejected NaN ContinuousDynamics_v3:PhysicallyInadmissible: Quadruped section-return is physically inadmissible: swing_foot_penetration:BR, contact_complementarity_loss:BR, swing_foot_penetration:FL, contact_complementarity_loss:FL, swing_foot_penetration:FR, contact_complementarity_loss:FR.
Fixture BD1_20_2_HE.mat column 180: rejected NaN ContinuousDynamics_v3:TensileStance: Stance compression is below the admissibility tolerance for leg(s) BR.
Fixture BD1_20_2_HG.mat column 1: rejected NaN ContinuousDynamics_v3:TensileStance: Stance compression is below the admissibility tolerance for leg(s) FL, FR.
Fixture BD1_20_2_HG.mat column 270: rejected NaN ContinuousDynamics_v3:PhysicallyInadmissible: Quadruped section-return is physically inadmissible: swing_foot_penetration:BR, contact_complementarity_loss:BR.
Fixture BD1_20_2_HG.mat column 538: rejected NaN ContinuousDynamics_v3:PhysicallyInadmissible: Quadruped section-return is physically inadmissible: swing_foot_penetration:BL, contact_complementarity_loss:BL, swing_foot_penetration:BR, contact_complementarity_loss:BR, swing_foot_penetration:FL, contact_complementarity_loss:FL, swing_foot_penetration:FR, contact_complementarity_loss:FR.
Fixture PK_20_2.mat column 1: accepted_autonomous_seed 2.95e-10 
Fixture PK_20_2.mat column 446: rejected NaN ContinuousDynamics_v3:PhysicallyInadmissible: Quadruped section-return is physically inadmissible: swing_foot_penetration:BL, contact_complementarity_loss:BL, swing_foot_penetration:BR, contact_complementarity_loss:BR, swing_foot_penetration:FL, contact_complementarity_loss:FL, swing_foot_penetration:FR, contact_complementarity_loss:FR.
Fixture PK_20_2.mat column 891: rejected NaN ContinuousDynamics_v3:PhysicallyInadmissible: Quadruped section-return is physically inadmissible: swing_foot_penetration:BL, contact_complementarity_loss:BL, swing_foot_penetration:BR, contact_complementarity_loss:BR, swing_foot_penetration:FL, contact_complementarity_loss:FL, swing_foot_penetration:FR, contact_complementarity_loss:FR.
Fixture B2_10_20_2_E.mat column 1: rejected NaN ContinuousDynamics_v3:PhysicallyInadmissible: Quadruped section-return is physically inadmissible: swing_foot_penetration:BL, contact_complementarity_loss:BL, swing_foot_penetration:BR, contact_complementarity_loss:BR, swing_foot_penetration:FL, contact_complementarity_loss:FL, swing_foot_penetration:FR, contact_complementarity_loss:FR.
Fixture B2_10_20_2_E.mat column 654: rejected NaN ContinuousDynamics_v3:PhysicallyInadmissible: Quadruped section-return is physically inadmissible: swing_foot_penetration:BL, contact_complementarity_loss:BL, swing_foot_penetration:BR, contact_complementarity_loss:BR, swing_foot_penetration:FL, contact_complementarity_loss:FL, swing_foot_penetration:FR, contact_complementarity_loss:FR.
Fixture B2_10_20_2_E.mat column 1307: rejected NaN ContinuousDynamics_v3:TensileStance: Stance compression is below the admissibility tolerance for leg(s) BL, BR.
Fixture B2_10_20_2_G.mat column 1: rejected NaN ContinuousDynamics_v3:TensileStance: Stance compression is below the admissibility tolerance for leg(s) FL, FR.
Fixture B2_10_20_2_G.mat column 680: rejected NaN ContinuousDynamics_v3:TensileStance: Stance compression is below the admissibility tolerance for leg(s) BL, BR, FL, FR.
Fixture B2_10_20_2_G.mat column 1358: rejected NaN ContinuousDynamics_v3:PhysicallyInadmissible: Quadruped section-return is physically inadmissible: swing_foot_penetration:BL, contact_complementarity_loss:BL, swing_foot_penetration:BR, contact_complementarity_loss:BR, swing_foot_penetration:FL, contact_complementarity_loss:FL, swing_foot_penetration:FR, contact_complementarity_loss:FR.
Fixture BIP_10_20_2.mat column 1: rejected NaN PoincareMap_v3:InvalidInitialSection: The initial state is not a transverse section point with the requested crossing direction.
Fixture BIP_10_20_2.mat column 453: rejected NaN PoincareMap_v3:InvalidInitialSection: The initial state is not a transverse section point with the requested crossing direction.
Fixture BIP_10_20_2.mat column 904: rejected NaN PoincareMap_v3:InvalidInitialSection: The initial state is not a transverse section point with the requested crossing direction.
Fixture BS_10_20_2_BIP_Child.mat column 1: rejected NaN PoincareMap_v3:NoReturn: No return-to-section crossing for candidate 9 occurred before MaxReturnTime.
Fixture BS_10_20_2_BIP_Child.mat column 107: rejected NaN PoincareMap_v3:InvalidInitialSection: The initial state is not a transverse section point with the requested crossing direction.
Fixture BS_10_20_2_BIP_Child.mat column 213: rejected NaN PoincareMap_v3:InvalidInitialSection: The initial state is not a transverse section point with the requested crossing direction.
Fixture PIP_10_20_2.mat column 1: accepted_autonomous_seed 4.76e-11 
Fixture PIP_10_20_2.mat column 115: accepted_autonomous_seed 6.54e-10 
Fixture PIP_10_20_2.mat column 228: accepted_autonomous_seed 2.11e-09 
Fixture PIP_10_20_2_Spread.mat column 1: rejected NaN ContinuousDynamics_v3:TensileStance: Stance compression is below the admissibility tolerance for leg(s) BL, BR, FL, FR.
Fixture PIP_10_20_2_Spread.mat column 325: accepted_autonomous_seed 4.91e-10 
Fixture PIP_10_20_2_Spread.mat column 648: rejected NaN ContinuousDynamics_v3:TensileStance: Stance compression is below the admissibility tolerance for leg(s) BL, BR, FL, FR.
Fixture PIP_Delayed_Analytic_10_20_2.mat column 1: rejected NaN EventDetector_v3:IneligibleTriggeredGuard: ODE-reported guard BL_LO at t=1.3877787807814457e-17 fails the directed transverse-root contract (g=1.000000082740371e-10, DgF=0).
Fixture PIP_Delayed_Analytic_10_20_2.mat column 794: rejected NaN ContinuousDynamics_v3:TensileStance: Stance compression is below the admissibility tolerance for leg(s) BL, BR, FL, FR.
Fixture PIP_Delayed_Analytic_10_20_2.mat column 1586: rejected NaN ContinuousDynamics_v3:TensileStance: Stance compression is below the admissibility tolerance for leg(s) BL, BR, FL, FR.
Fixture PK_20_2.mat column 1: accepted_autonomous_seed 2.95e-10 
Fixture PK_20_2.mat column 446: rejected NaN ContinuousDynamics_v3:PhysicallyInadmissible: Quadruped section-return is physically inadmissible: swing_foot_penetration:BL, contact_complementarity_loss:BL, swing_foot_penetration:BR, contact_complementarity_loss:BR, swing_foot_penetration:FL, contact_complementarity_loss:FL, swing_foot_penetration:FR, contact_complementarity_loss:FR.
Fixture PK_20_2.mat column 891: rejected NaN ContinuousDynamics_v3:PhysicallyInadmissible: Quadruped section-return is physically inadmissible: swing_foot_penetration:BL, contact_complementarity_loss:BL, swing_foot_penetration:BR, contact_complementarity_loss:BR, swing_foot_penetration:FL, contact_complementarity_loss:FL, swing_foot_penetration:FR, contact_complementarity_loss:FR.
Fixture PK_B2_Parent.mat column 1: rejected NaN ContinuousDynamics_v3:TensileStance: Stance compression is below the admissibility tolerance for leg(s) BL, BR, FL, FR.
Fixture PK_B2_Parent.mat column 130: rejected NaN ContinuousDynamics_v3:TensileStance: Stance compression is below the admissibility tolerance for leg(s) BL, BR, FL, FR.
Fixture PK_B2_Parent.mat column 259: rejected NaN ContinuousDynamics_v3:TensileStance: Stance compression is below the admissibility tolerance for leg(s) BL, BR, FL, FR.
