
	Student License -- for use by students to meet course requirements
	and perform academic research at degree granting institutions only.

PIP parent E 1.0001: det 1.09730074 reliable 1
PIP parent E 1.13342667: det 0.133421173 reliable 1
PIP parent E 1.26675333: det 1.51614739 reliable 1
PIP parent E 1.40008: det 1.259415 reliable 1
PIP parent E 1.53340667: det 0.130806256 reliable 1
PIP parent E 1.66673333: det -0.124755929 reliable 1
PIP parent E 1.80006: det 0.84215384 reliable 1
PIP parent E 1.93338667: det 2.2001251 reliable 1
PIP parent E 2.06671333: det 2.96376686 reliable 1
PIP parent E 2.20004: det 2.7029268 reliable 1
PIP parent E 2.33336667: det 1.66255038 reliable 1
PIP parent E 2.46669333: det 0.480253776 reliable 1
PIP parent E 2.60002: det -0.205625494 reliable 1
PIP parent E 2.73334667: det -0.0438693359 reliable 1
PIP parent E 2.86667333: det 0.931075667 reliable 1
PIP parent E 3: det 2.37126575 reliable 1
Pronk daughter amplitude -0.0001: convergence 1, closure 8.69e-10
Pronk daughter amplitude -0.0003: convergence 1, closure 8.69e-10
Pronk daughter amplitude -0.001: convergence 1, closure 8.69e-10
Pronk daughter amplitude -0.003: convergence 1, closure 9.43e-09
Pronk daughter amplitude +0.0001: convergence 1, closure 8.69e-10
Pronk daughter amplitude +0.0003: convergence 1, closure 8.69e-10
Pronk daughter amplitude +0.001: convergence 1, closure 8.69e-10
Pronk daughter amplitude +0.003: convergence 1, closure 9.43e-09
Pronk daughter amplitude -0.0001: convergence 1, closure 9.49e-10
Pronk daughter amplitude -0.0003: convergence 1, closure 9.49e-10
Pronk daughter amplitude -0.001: convergence 1, closure 1.08e-09
Pronk daughter amplitude -0.003: convergence 1, closure 9.49e-10
Pronk daughter amplitude +0.0001: convergence 1, closure 9.49e-10
Pronk daughter amplitude +0.0003: convergence 1, closure 9.49e-10
Pronk daughter amplitude +0.001: convergence 1, closure 1.08e-09
Pronk daughter amplitude +0.003: convergence 1, closure 9.49e-10
