
	Student License -- for use by students to meet course requirements
	and perform academic research at degree granting institutions only.

Replay vertical_01:1: 5.5e-13 signature 1 admissible 1
Replay vertical_02:1: 4.45e-12 signature 1 admissible 1
Replay vertical_03:1: 6.9e-12 signature 1 admissible 1
Replay vertical_04:1: 8.68e-12 signature 1 admissible 1
Replay vertical_05:1: 1.02e-11 signature 1 admissible 1
Replay vertical_06:1: 1.21e-11 signature 1 admissible 1
Replay vertical_07:1: 1.39e-11 signature 1 admissible 1
Replay vertical_08:1: 1.55e-11 signature 1 admissible 1
Replay vertical_09:1: 1.7e-11 signature 1 admissible 1
Replay vertical_10:1: 1.84e-11 signature 1 admissible 1
Replay vertical_11:1: 1.98e-11 signature 1 admissible 1
Replay vertical_12:1: 2.1e-11 signature 1 admissible 1
Replay fixture_09_00001:1: 3.02e-12 signature 1 admissible 1
Replay fixture_14_00001:1: 5.55e-13 signature 1 admissible 1
Replay fixture_14_00115:1: 6.96e-12 signature 1 admissible 1
Replay fixture_14_00228:1: 2.1e-11 signature 1 admissible 1
Replay fixture_15_00325:1: 5.17e-12 signature 1 admissible 1
Replay fixture_17_00001:1: 3.02e-12 signature 1 admissible 1
Replay pronk_daughter_v2_1_+0.0001:1: 8.74e-12 signature 1 admissible 1
Replay pronk_daughter_v2_1_+0.0003:1: 8.74e-12 signature 1 admissible 1
Replay pronk_daughter_v2_1_+0.001:1: 8.73e-12 signature 1 admissible 1
Replay pronk_daughter_v2_1_+0.003:1: 8.73e-12 signature 1 admissible 1
Replay pronk_daughter_v2_1_+0.01:1: 8.43e-12 signature 1 admissible 1
Replay pronk_daughter_v2_1_-0.0001:1: 8.74e-12 signature 1 admissible 1
Replay pronk_daughter_v2_1_-0.0003:1: 8.74e-12 signature 1 admissible 1
Replay pronk_daughter_v2_1_-0.001:1: 8.73e-12 signature 1 admissible 1
Replay pronk_daughter_v2_1_-0.003:1: 8.73e-12 signature 1 admissible 1
Replay pronk_daughter_v2_1_-0.01:1: 8.43e-12 signature 1 admissible 1
Replay pronk_daughter_v2_2_+0.0001:1: 9.87e-12 signature 1 admissible 1
Replay pronk_daughter_v2_2_+0.0003:1: 1.77e-11 signature 1 admissible 1
Replay pronk_daughter_v2_2_+0.001:1: 9.87e-12 signature 1 admissible 1
Replay pronk_daughter_v2_2_+0.003:1: 9.87e-12 signature 1 admissible 1
Replay pronk_daughter_v2_2_+0.01:1: 9.46e-12 signature 1 admissible 1
Replay pronk_daughter_v2_2_-0.0001:1: 9.87e-12 signature 1 admissible 1
Replay pronk_daughter_v2_2_-0.0003:1: 1.77e-11 signature 1 admissible 1
Replay pronk_daughter_v2_2_-0.001:1: 9.87e-12 signature 1 admissible 1
Replay pronk_daughter_v2_2_-0.003:1: 9.87e-12 signature 1 admissible 1
Replay pronk_daughter_v2_2_-0.01:1: 9.46e-12 signature 1 admissible 1
Replay family_+1:1: 3.02e-12 signature 1 admissible 1
Replay family_+1:2: 4.92e-12 signature 1 admissible 1
Replay family_+1:3: 7.28e-12 signature 1 admissible 1
Replay family_+1:4: 9.71e-12 signature 1 admissible 1
Replay family_+1:5: 1.19e-11 signature 1 admissible 1
Replay family_+1:6: 1.47e-11 signature 1 admissible 1
Replay family_+1:7: 1.8e-11 signature 1 admissible 1
Replay family_+1:8: 2.1e-11 signature 1 admissible 1
Replay family_+1:9: 2.36e-11 signature 1 admissible 1
Replay family_+1:10: 2.99e-11 signature 1 admissible 1
Replay family_+1:11: 3.17e-11 signature 1 admissible 1
Replay family_+1:12: 3.82e-11 signature 1 admissible 1
Replay family_+1:13: 3.96e-11 signature 1 admissible 1
Replay family_+1:14: 4.34e-11 signature 1 admissible 1
Replay family_+1:15: 4.92e-11 signature 1 admissible 1
Replay family_+1:16: 5.79e-11 signature 1 admissible 1
Replay family_+1:17: 5.91e-11 signature 1 admissible 1
Replay family_+1:18: 5.95e-11 signature 1 admissible 1
Replay family_+1:19: 6.29e-11 signature 1 admissible 1
Replay family_+1:20: 6.74e-11 signature 1 admissible 1
Replay family_+1:21: 7.24e-11 signature 1 admissible 1
Replay family_-1:1: 3.02e-12 signature 1 admissible 1
Replay family_-1:2: 4.16e-12 signature 1 admissible 1
Replay family_-1:3: 3.31e-12 signature 1 admissible 1
Replay family_-1:4: 4.06e-12 signature 1 admissible 1
Replay family_-1:5: 3.75e-12 signature 1 admissible 1
Replay family_-1:6: 4.63e-12 signature 1 admissible 1
Replay family_-1:7: 7.38e-12 signature 1 admissible 1
Replay family_-1:8: 1.13e-11 signature 1 admissible 1
Replay family_-1:9: 1.1e-11 signature 1 admissible 1
Replay family_-1:10: 1.46e-11 signature 1 admissible 1
Replay family_-1:11: 1.46e-11 signature 1 admissible 1
Replay family_-1:12: 1.89e-11 signature 1 admissible 1
Replay family_-1:13: 2.04e-11 signature 1 admissible 1
Replay family_-1:14: 2.34e-11 signature 1 admissible 1
Replay family_-1:15: 2.85e-11 signature 1 admissible 1
Replay family_-1:16: 3.02e-11 signature 1 admissible 1
Replay family_-1:17: 3.63e-11 signature 1 admissible 1
Replay family_-1:18: 4.08e-11 signature 1 admissible 1
Replay family_-1:19: 4.19e-11 signature 1 admissible 1
Replay family_-1:20: 4.74e-11 signature 1 admissible 1
