
	Student License -- for use by students to meet course requirements
	and perform academic research at degree granting institutions only.

MATLAB research taskPIP_candidate_1, roundB, attempt2, remainingtotal10366.9s, slice240.0s
MATLAB research taskPIP_candidate_2, roundB, attempt2, remainingtotal10121.2s, slice240.0s
MATLAB research taskPIP_candidate_3, roundB, attempt1, remainingtotal9854.6s, slice240.0s
MATLAB research taskPIP_PK_low_energy_neighborhood, roundB, attempt1, remainingtotal9607.2s, slice240.0s
                    schema_version: 'matlab-next-round-report-v3-1'
                           profile: 'full'
                     generated_utc: '07-Oct-2026 12:47:55'
                   starting_commit: 'f53c39cca530d9782d00ba8699acb1d55484f7d8'
                    matlab_version: '25.2.0.3177638 (R2025b) Update 5'
                          platform: 'MACA64'
                     experiment_id: 'next-round-full-20261007'
                            status: 'partial_checkpoint'
            numerical_wall_seconds: 1.4366e+03
     registered_total_wall_seconds: 10800
              function_evaluations: 804
                 new_point_records: 0
           accepted_source_records: 0
                     repair_rounds: [1×3 struct]
                          coverage: [0×0 struct]
                  unfinished_tasks: [1×124 struct]
                  network_achieved: 0
       global_completeness_claimed: 0
      historical_results_preserved: 1
                             graph: 'Research_v3/next_round/graph/index_full.json'
                        protection: 'Research_v3/next_round/baseline/protected_verification.json'
    executed_tasks_this_invocation: 4

